103.119.24.113 - - [26/Jan/2023:20:28:50 +0330] "GET /image/13272/productTypeMenu HTTP/1.1" 200 11 "https://www.example.com" "Mozilla/5.0 (Windows NT 10.0; Win64; x64) AppleWebKit/537.36 (KHTML, like Gecko) Chrome/71.0.3578.98 Safari/537.36" "-" "fr"
103.119.24.113 - - [26/Jan/2023:20:28:50 +0330] "GET /image/13124/productTypeMenu HTTP/1.1" 200 11 "https://www.example.com" "Mozilla/5.0 (Windows NT 10.0; Win64; x64) AppleWebKit/537.36 (KHTML, like Gecko) Chrome/71.0.3578.98 Safari/537.36" "-" "fr"
103.119.24.113 - - [26/Jan/2023:20:28:50 +0330] "GET /image/13197/productTypeMenu HTTP/1.1" 200 11 "https://www.example.com" "Mozilla/5.0 (Windows NT 10.0; Win64; x64) AppleWebKit/537.36 (KHTML, like Gecko) Chrome/71.0.3578.98 Safari/537.36" "-" "fr"
5.216.172.90 - - [26/Jan/2023:20:28:50 +0330] "GET /image/872/productModel/200x200 HTTP/1.1" 200 2122 "https://www.example.com" "Mozilla/5.0 (Linux; Android 8.0.0; SM-A720F) AppleWebKit/537.36 (KHTML, like Gecko) Chrome/71.0.3578.99 Mobile Safari/537.36" "-" "fr"
5.216.172.90 - - [26/Jan/2023:20:28:50 +0330] "GET /image/65055/productModel/200x200 HTTP/1.1" 200 3519 "https://www.example.com" "Mozilla/5.0 (Linux; Android 8.0.0; SM-A720F) AppleWebKit/537.36 (KHTML, like Gecko) Chrome/71.0.3578.99 Mobile Safari/537.36" "-" "fr"
89.34.145.228 - - [26/Jan/2023:20:28:50 +0330] "GET /settings/logo HTTP/1.1" 200 4120 "https://www.example.com" "Mozilla/5.0 (Linux; Android 8.1.0; TA-1021) AppleWebKit/537.36 (KHTML, like Gecko) Chrome/71.0.3578.99 Mobile Safari/537.36" "-" "fr"
89.34.145.228 - - [26/Jan/2023:20:28:50 +0330] "GET /static/images/amp/instagram.png HTTP/1.1" 200 7146 "https://www.example.com" "Mozilla/5.0 (Linux; Android 8.1.0; TA-1021) AppleWebKit/537.36 (KHTML, like Gecko) Chrome/71.0.3578.99 Mobile Safari/537.36" "-" "fr"
5.208.194.43 - - [26/Jan/2023:20:28:50 +0330] "GET /settings/logo HTTP/1.1" 200 4120 "https://www.example.com" "Mozilla/5.0 (Linux; Android 6.0.1; SAMSUNG SM-G532F Build/MMB29T) AppleWebKit/537.36 (KHTML, like Gecko) SamsungBrowser/8.2 Chrome/63.0.3239.111 Mobile Safari/537.36" "-" "fr"
89.34.145.228 - - [26/Jan/2023:20:28:50 +0330] "GET /static/images/amp/telegram.png HTTP/1.1" 200 4859 "https://www.example.com" "Mozilla/5.0 (Linux; Android 8.1.0; TA-1021) AppleWebKit/537.36 (KHTML, like Gecko) Chrome/71.0.3578.99 Mobile Safari/537.36" "-" "fr"
86.55.30.2 - - [26/Jan/2023:20:28:50 +0330] "GET /image/38/productType/240x180 HTTP/1.1" 200 7963 "https://www.example.com" "Mozilla/5.0 (Linux; Android 5.1.1; SAMSUNG SM-J500H Build/LMY48B) AppleWebKit/537.36 (KHTML, like Gecko) SamsungBrowser/3.3 Chrome/38.0.2125.102 Mobile Safari/537.36" "-" "fr"
89.34.145.228 - - [26/Jan/2023:20:28:50 +0330] "GET /static/images/amp/blog.png HTTP/1.1" 200 3863 "https://www.example.com" "Mozilla/5.0 (Linux; Android 8.1.0; TA-1021) AppleWebKit/537.36 (KHTML, like Gecko) Chrome/71.0.3578.99 Mobile Safari/537.36" "-" "fr"
86.55.30.2 - - [26/Jan/2023:20:28:50 +0330] "GET /image/11893/productType/240x180 HTTP/1.1" 200 11916 "https://www.example.com" "Mozilla/5.0 (Linux; Android 5.1.1; SAMSUNG SM-J500H Build/LMY48B) AppleWebKit/537.36 (KHTML, like Gecko) SamsungBrowser/3.3 Chrome/38.0.2125.102 Mobile Safari/537.36" "-" "fr"
86.55.30.2 - - [26/Jan/2023:20:28:50 +0330] "GET /image/51/productType/240x180 HTTP/1.1" 200 17251 "https://www.example.com" "Mozilla/5.0 (Linux; Android 5.1.1; SAMSUNG SM-J500H Build/LMY48B) AppleWebKit/537.36 (KHTML, like Gecko) SamsungBrowser/3.3 Chrome/38.0.2125.102 Mobile Safari/537.36" "-" "fr"
86.55.30.2 - - [26/Jan/2023:20:28:50 +0330] "GET /image/5935/productType/240x180 HTTP/1.1" 200 17326 "https://www.example.com" "Mozilla/5.0 (Linux; Android 5.1.1; SAMSUNG SM-J500H Build/LMY48B) AppleWebKit/537.36 (KHTML, like Gecko) SamsungBrowser/3.3 Chrome/38.0.2125.102 Mobile Safari/537.36" "-" "fr"
86.55.30.2 - - [26/Jan/2023:20:28:50 +0330] "GET /image/1/productType/240x180 HTTP/1.1" 200 16901 "https://www.example.com" "Mozilla/5.0 (Linux; Android 5.1.1; SAMSUNG SM-J500H Build/LMY48B) AppleWebKit/537.36 (KHTML, like Gecko) SamsungBrowser/3.3 Chrome/38.0.2125.102 Mobile Safari/537.36" "-" "fr"
86.55.30.2 - - [26/Jan/2023:20:28:50 +0330] "GET /image/5506/productType/240x180 HTTP/1.1" 200 16837 "https://www.example.com" "Mozilla/5.0 (Linux; Android 5.1.1; SAMSUNG SM-J500H Build/LMY48B) AppleWebKit/537.36 (KHTML, like Gecko) SamsungBrowser/3.3 Chrome/38.0.2125.102 Mobile Safari/537.36" "-" "fr"
86.55.30.2 - - [26/Jan/2023:20:28:50 +0330] "GET /image/11671/productType/240x180 HTTP/1.1" 200 17046 "https://www.example.com" "Mozilla/5.0 (Linux; Android 5.1.1; SAMSUNG SM-J500H Build/LMY48B) AppleWebKit/537.36 (KHTML, like Gecko) SamsungBrowser/3.3 Chrome/38.0.2125.102 Mobile Safari/537.36" "-" "vi"
86.55.30.2 - - [26/Jan/2023:20:28:50 +0330] "GET /image/11640/productType/240x180 HTTP/1.1" 200 17339 "https://www.example.com" "Mozilla/5.0 (Linux; Android 5.1.1; SAMSUNG SM-J500H Build/LMY48B) AppleWebKit/537.36 (KHTML, like Gecko) SamsungBrowser/3.3 Chrome/38.0.2125.102 Mobile Safari/537.36" "-" "fr"
86.55.30.2 - - [26/Jan/2023:20:28:50 +0330] "GET /image/6213/productType/240x180 HTTP/1.1" 200 17786 "https://www.example.com" "Mozilla/5.0 (Linux; Android 5.1.1; SAMSUNG SM-J500H Build/LMY48B) AppleWebKit/537.36 (KHTML, like Gecko) SamsungBrowser/3.3 Chrome/38.0.2125.102 Mobile Safari/537.36" "-" "ro"
86.55.30.2 - - [26/Jan/2023:20:28:50 +0330] "GET /image/33536/productType/240x180 HTTP/1.1" 200 22177 "https://www.example.com" "Mozilla/5.0 (Linux; Android 5.1.1; SAMSUNG SM-J500H Build/LMY48B) AppleWebKit/537.36 (KHTML, like Gecko) SamsungBrowser/3.3 Chrome/38.0.2125.102 Mobile Safari/537.36" "-" "fr"
89.34.145.228 - - [26/Jan/2023:20:28:50 +0330] "GET /static/images/amp/third-party/footer-mobile.png HTTP/1.1" 200 62894 "https://www.example.com" "Mozilla/5.0 (Linux; Android 8.1.0; TA-1021) AppleWebKit/537.36 (KHTML, like Gecko) Chrome/71.0.3578.99 Mobile Safari/537.36" "-" "fr"
5.117.0.221 - - [26/Jan/2023:20:28:51 +0330] "GET /m/browse/microwave-oven HTTP/1.1" 200 19470 "https://www.example.com" "Mozilla/5.0 (Linux; Android 6.0; Lenovo TB3-850M) AppleWebKit/537.36 (KHTML, like Gecko) Chrome/71.0.3578.99 Safari/537.36" "-" "fr"
151.242.106.253 - - [26/Jan/2023:20:28:51 +0330] "GET /image/57599/productModel/200x200 HTTP/1.1" 200 2924 "https://www.example.com" "Mozilla/5.0 (Linux; Android 7.0; P008) AppleWebKit/537.36 (KHTML, like Gecko) Chrome/71.0.3578.99 Safari/537.36" "-" "fr"
5.208.194.43 - - [26/Jan/2023:20:28:51 +0330] "GET /image/34379?name=gallery-s8-3350ss-2.jpg&wh=max HTTP/1.1" 200 35523 "https://www.example.com" "Mozilla/5.0 (Linux; Android 6.0.1; SAMSUNG SM-G532F Build/MMB29T) AppleWebKit/537.36 (KHTML, like Gecko) SamsungBrowser/8.2 Chrome/63.0.3239.111 Mobile Safari/537.36" "-" "fr"
5.114.175.169 - - [26/Jan/2023:20:28:51 +0330] "GET /m/filter/b2%2Cp65%2Ct31 HTTP/1.1" 200 19160 "https://www.example.com" "Mozilla/5.0 (iPhone; CPU iPhone OS 11_4_1 like Mac OS X) AppleWebKit/605.1.15 (KHTML, like Gecko) Version/11.0 Mobile/15E148 Safari/604.1" "-" "ko"
5.216.172.90 - - [26/Jan/2023:20:28:51 +0330] "GET /image/65376/productModel/200x200 HTTP/1.1" 200 4886 "https://www.example.com" "Mozilla/5.0 (Linux; Android 8.0.0; SM-A720F) AppleWebKit/537.36 (KHTML, like Gecko) Chrome/71.0.3578.99 Mobile Safari/537.36" "-" "fr"
5.216.172.90 - - [26/Jan/2023:20:28:51 +0330] "GET /image/56504/productModel/200x200 HTTP/1.1" 200 2967 "https://www.example.com" "Mozilla/5.0 (Linux; Android 8.0.0; SM-A720F) AppleWebKit/537.36 (KHTML, like Gecko) Chrome/71.0.3578.99 Mobile Safari/537.36" "-" "fr"
31.184.133.103 - - [26/Jan/2023:20:28:51 +0330] "GET /filter/b583,b442 HTTP/1.1" 200 35829 "https://www.example.com" "Mozilla/5.0 (compatible; Parsijoobot; +http://www.parsijoo.ir/bot.html; crawler@parsijoo.ir)" "-" "en"
66.249.66.194 - - [26/Jan/2023:20:28:51 +0330] "GET /m/filter/b103,b105,b126,b136,b143,b148,b151,b152,b168,b183,b186,b188,b194,b20,b202,b209,b219,b22,b221,b226,b236,b249,b270,b308,b35,b4,b400,b42,b43,b435,b441,b442,b454,b50,b568,b570,b584,b596,b597,b6,b645,b647,b651,b701,b723,b724,b74,b80,b82,b820,b854,b861,b874,b877,b88,b883,b890,b900,b903,b95,b99,p51 HTTP/1.1" 200 23158 "-" "Mozilla/5.0 (Linux; Android 6.0.1; Nexus 5X Build/MMB29P) AppleWebKit/537.36 (KHTML, like Gecko) Chrome/41.0.2272.96 Mobile Safari/537.36 (compatible; Googlebot/2.1; +http://www.google.com/bot.html)" "-" "en"
2.177.236.124 - - [26/Jan/2023:20:28:51 +0330] "GET /static/images/amp/instagram.png HTTP/1.1" 200 7146 "https://www.example.com" "Mozilla/5.0 (Linux; Android 7.0; SM-N920C) AppleWebKit/537.36 (KHTML, like Gecko) Chrome/71.0.3578.99 Mobile Safari/537.36" "-" "fr"
2.177.236.124 - - [26/Jan/2023:20:28:51 +0330] "GET /static/images/amp/telegram.png HTTP/1.1" 200 4859 "https://www.example.com" "Mozilla/5.0 (Linux; Android 7.0; SM-N920C) AppleWebKit/537.36 (KHTML, like Gecko) Chrome/71.0.3578.99 Mobile Safari/537.36" "-" "fr"
2.177.236.124 - - [26/Jan/2023:20:28:51 +0330] "GET /static/images/amp/blog.png HTTP/1.1" 200 3863 "https://www.example.com" "Mozilla/5.0 (Linux; Android 7.0; SM-N920C) AppleWebKit/537.36 (KHTML, like Gecko) Chrome/71.0.3578.99 Mobile Safari/537.36" "-" "fr"
89.34.145.228 - - [26/Jan/2023:20:28:51 +0330] "GET /image/1230/mainSlideMobile HTTP/1.1" 200 80620 "https://www.example.com" "Mozilla/5.0 (Linux; Android 8.1.0; TA-1021) AppleWebKit/537.36 (KHTML, like Gecko) Chrome/71.0.3578.99 Mobile Safari/537.36" "-" "fr"
5.125.41.167 - - [26/Jan/2023:20:28:51 +0330] "GET /image/34290?name=galaxy-j2-core-1.jpg&wh=200x200 HTTP/1.1" 200 4328 "-" "Dalvik/2.1.0 (Linux; U; Android 5.1; HUAWEI RIO-L01 Build/HuaweiRIO-L01)" "-" "en"
5.208.194.43 - - [26/Jan/2023:20:28:51 +0330] "GET /image/34379?name=gallery-s8-3350ss-4.jpg&wh=max HTTP/1.1" 200 70642 "https://www.example.com" "Mozilla/5.0 (Linux; Android 6.0.1; SAMSUNG SM-G532F Build/MMB29T) AppleWebKit/537.36 (KHTML, like Gecko) SamsungBrowser/8.2 Chrome/63.0.3239.111 Mobile Safari/537.36" "-" "fr"
5.125.216.51 - - [26/Jan/2023:20:28:51 +0330] "GET /favicon.ico HTTP/1.1" 200 0 "-" "Mozilla/5.0 (Android 5.1.1; Mobile; rv:64.0.2) Gecko/64.0.2 Firefox/64.0.2" "-" "en"
151.239.2.90 - - [26/Jan/2023:20:28:51 +0330] "GET / HTTP/1.1" 200 30497 "-" "Mozilla/5.0 (Windows NT 10.0; Win64; x64; rv:64.0) Gecko/20100101 Firefox/64.0" "-" "en"
151.239.2.90 - - [26/Jan/2023:20:28:52 +0330] "GET /static/bundle-bundle_site_head.css HTTP/1.1" 499 0 "https://www.example.com" "Mozilla/5.0 (Windows NT 10.0; Win64; x64; rv:64.0) Gecko/20100101 Firefox/64.0" "-" "en"
151.239.2.90 - - [26/Jan/2023:20:28:52 +0330] "GET /image/%7B%7BbasketItem.id%7D%7D?type=productModel&wh=50x50 HTTP/1.1" 200 5 "https://www.example.com" "Mozilla/5.0 (Windows NT 10.0; Win64; x64; rv:64.0) Gecko/20100101 Firefox/64.0" "-" "en"
151.239.2.90 - - [26/Jan/2023:20:28:52 +0330] "GET /image/1226/mainSlide HTTP/1.1" 200 0 "https://www.example.com" "Mozilla/5.0 (Windows NT 10.0; Win64; x64; rv:64.0) Gecko/20100101 Firefox/64.0" "-" "en"
151.239.2.90 - - [26/Jan/2023:20:28:52 +0330] "GET /image/1230/mainSlide HTTP/1.1" 200 0 "https://www.example.com" "Mozilla/5.0 (Windows NT 10.0; Win64; x64; rv:64.0) Gecko/20100101 Firefox/64.0" "-" "en"
151.239.2.90 - - [26/Jan/2023:20:28:52 +0330] "GET /image/1221/mainSlide HTTP/1.1" 200 0 "https://www.example.com" "Mozilla/5.0 (Windows NT 10.0; Win64; x64; rv:64.0) Gecko/20100101 Firefox/64.0" "-" "en"
151.239.2.90 - - [26/Jan/2023:20:28:52 +0330] "GET /image/8864/specialSale HTTP/1.1" 200 0 "https://www.example.com" "Mozilla/5.0 (Windows NT 10.0; Win64; x64; rv:64.0) Gecko/20100101 Firefox/64.0" "-" "en"
151.239.2.90 - - [26/Jan/2023:20:28:52 +0330] "GET /image/8868/specialSale HTTP/1.1" 200 0 "https://www.example.com" "Mozilla/5.0 (Windows NT 10.0; Win64; x64; rv:64.0) Gecko/20100101 Firefox/64.0" "-" "en"
151.239.2.90 - - [26/Jan/2023:20:28:52 +0330] "GET /settings/logo HTTP/1.1" 200 4120 "https://www.example.com" "Mozilla/5.0 (Windows NT 10.0; Win64; x64; rv:64.0) Gecko/20100101 Firefox/64.0" "-" "en"
5.216.172.90 - - [26/Jan/2023:20:28:52 +0330] "GET /image/35/brand HTTP/1.1" 200 2264 "https://www.example.com" "Mozilla/5.0 (Linux; Android 8.0.0; SM-A720F) AppleWebKit/537.36 (KHTML, like Gecko) Chrome/71.0.3578.99 Mobile Safari/537.36" "-" "fr"
5.120.63.25 - - [26/Jan/2023:20:28:52 +0330] "GET /apple-touch-icon-precomposed.png HTTP/1.1" 404 392 "https://www.example.com" "Mozilla/5.0 (Linux; Android 4.3; C5303 Build/12.1.A.1.205) AppleWebKit/537.36 (KHTML, like Gecko) Chrome/28.0.1500.94 Mobile Safari/537.36" "-" "fr"
151.239.2.90 - - [26/Jan/2023:20:28:52 +0330] "GET /static/images/third-party/footer.png HTTP/1.1" 499 0 "https://www.example.com" "Mozilla/5.0 (Windows NT 10.0; Win64; x64; rv:64.0) Gecko/20100101 Firefox/64.0" "-" "en"
66.249.66.91 - - [26/Jan/2023:20:28:52 +0330] "GET /filter/b481%2Cb874%2Cb226%2Cb570%2Cb270%2Cb903%2Cb883%2Cb99%2Cb152%2Cb249%2Cb701%2Cb723%2Cb35%2Cb183%2Cb219%2Cb308%2Cb126%2Cb900%2Cb188%2Cb890%2Cb148%2Cb236%2Cb74%2Cb209%2Cb454%2Cb651%2Cb202%2Cb4%2Cb22%2Cb6%2Cb596%2Cb143%2Cb82%2Cb485%2Cb648%2Cb136%2Cb546%2Cb105%2Cb185%2Cb568%2Cb88%2Cb43%2Cb597%2Cb820%2Cb645%2Cb2%2Cb168%2Cb50%2Cb221%2Cb441%2Cb80%2Cb442%2Cb861%2Cb598%2Cb724%2Cb103%2Cb482%2Cb192%2Cb880%2Cb619%2Cb67%2Cb734%2Cb8%2Cb198%2Cb19%2Cp1?page=8 HTTP/1.1" 200 42395 "-" "Mozilla/5.0 (compatible; Googlebot/2.1; +http://www.google.com/bot.html)" "-" "en"
151.239.2.90 - - [26/Jan/2023:20:28:52 +0330] "GET /static/images/amp/instagram.png HTTP/1.1" 200 7146 "https://www.example.com" "Mozilla/5.0 (Windows NT 10.0; Win64; x64; rv:64.0) Gecko/20100101 Firefox/64.0" "-" "en"
151.239.2.90 - - [26/Jan/2023:20:28:52 +0330] "GET /static/images/amp/telegram.png HTTP/1.1" 200 4859 "https://www.example.com" "Mozilla/5.0 (Windows NT 10.0; Win64; x64; rv:64.0) Gecko/20100101 Firefox/64.0" "-" "en"
151.239.2.90 - - [26/Jan/2023:20:28:52 +0330] "GET /static/images/amp/blog.png HTTP/1.1" 200 3863 "https://www.example.com" "Mozilla/5.0 (Windows NT 10.0; Win64; x64; rv:64.0) Gecko/20100101 Firefox/64.0" "-" "en"
151.239.2.90 - - [26/Jan/2023:20:28:52 +0330] "GET /static/images/favicon.ico HTTP/1.1" 200 152 "-" "Mozilla/5.0 (Windows NT 10.0; Win64; x64; rv:64.0) Gecko/20100101 Firefox/64.0" "-" "en"
5.216.172.90 - - [26/Jan/2023:20:28:52 +0330] "GET /image/888/brand HTTP/1.1" 200 3150 "https://www.example.com" "Mozilla/5.0 (Linux; Android 8.0.0; SM-A720F) AppleWebKit/537.36 (KHTML, like Gecko) Chrome/71.0.3578.99 Mobile Safari/537.36" "-" "fr"
5.216.172.90 - - [26/Jan/2023:20:28:52 +0330] "GET /image/105/brand HTTP/1.1" 200 2653 "https://www.example.com" "Mozilla/5.0 (Linux; Android 8.0.0; SM-A720F) AppleWebKit/537.36 (KHTML, like Gecko) Chrome/71.0.3578.99 Mobile Safari/537.36" "-" "fr"
66.249.66.91 - - [26/Jan/2023:20:28:52 +0330] "GET /static/css/font/wyekan/font.woff HTTP/1.1" 304 0 "-" "Mozilla/5.0 (Linux; Android 6.0.1; Nexus 5X Build/MMB29P) AppleWebKit/537.36 (KHTML, like Gecko) Chrome/41.0.2272.96 Mobile Safari/537.36 (compatible; Googlebot/2.1; +http://www.google.com/bot.html)" "-" "en"
66.249.66.91 - - [26/Jan/2023:20:28:52 +0330] "GET /filter/b481%2Cb874%2Cb226%2Cb570%2Cb270%2Cb903%2Cb883%2Cb99%2Cb152%2Cb20%2Cb701%2Cb723%2Cb42%2Cb35%2Cb219%2Cb308%2Cb126%2Cb900%2Cb188%2Cb890%2Cb148%2Cb236%2Cb74%2Cb400%2Cb209%2Cb454%2Cb651%2Cb202%2Cb4%2Cb22%2Cb6%2Cb596%2Cb143%2Cb82%2Cb877%2Cb485%2Cb194%2Cb647%2Cb497%2Cb105%2Cb185%2Cb95%2Cb568%2Cb151%2Cb88%2Cb43%2Cb820%2Cb645%2Cb2%2Cb168%2Cb50%2Cb221%2Cb441%2Cb80%2Cb861%2Cb598%2Cb724%2Cb103%2Cb619%2Cb213%2Cb249%2Cb231%2Cb113%2Cb523%2Cstexists%2Cb192?page=0 HTTP/1.1" 200 41144 "-" "Mozilla/5.0 (compatible; Googlebot/2.1; +http://www.google.com/bot.html)" "-" "en"
5.216.172.90 - - [26/Jan/2023:20:28:52 +0330] "GET /image/2/brand HTTP/1.1" 200 4842 "https://www.example.com" "Mozilla/5.0 (Linux; Android 8.0.0; SM-A720F) AppleWebKit/537.36 (KHTML, like Gecko) Chrome/71.0.3578.99 Mobile Safari/537.36" "-" "fr"
5.74.28.48 - - [26/Jan/2023:20:28:52 +0330] "GET /image/32745?name=ms506-14.jpg&wh=200x200 HTTP/1.1" 200 3901 "https://www.example.com" "Mozilla/5.0 (Windows NT 10.0; Win64; x64) AppleWebKit/537.36 (KHTML, like Gecko) Chrome/71.0.3578.98 Safari/537.36" "-" "fr"
5.74.28.48 - - [26/Jan/2023:20:28:52 +0330] "GET /image/32743?name=x320-22.jpg&wh=200x200 HTTP/1.1" 200 3759 "https://www.example.com" "Mozilla/5.0 (Windows NT 10.0; Win64; x64) AppleWebKit/537.36 (KHTML, like Gecko) Chrome/71.0.3578.98 Safari/537.36" "-" "fr"
5.74.28.48 - - [26/Jan/2023:20:28:52 +0330] "GET /image/32757?name=eb-x41-4.jpg&wh=200x200 HTTP/1.1" 200 3763 "https://www.example.com" "Mozilla/5.0 (Windows NT 10.0; Win64; x64) AppleWebKit/537.36 (KHTML, like Gecko) Chrome/71.0.3578.98 Safari/537.36" "-" "fr"
5.74.28.48 - - [26/Jan/2023:20:28:52 +0330] "GET /image/32756?name=eb-x05-11.jpg&wh=200x200 HTTP/1.1" 200 3130 "https://www.example.com" "Mozilla/5.0 (Windows NT 10.0; Win64; x64) AppleWebKit/537.36 (KHTML, like Gecko) Chrome/71.0.3578.98 Safari/537.36" "-" "fr"
5.74.28.48 - - [26/Jan/2023:20:28:52 +0330] "GET /image/32739?name=pt-vx610-22.jpg&wh=200x200 HTTP/1.1" 200 2953 "https://www.example.com" "Mozilla/5.0 (Windows NT 10.0; Win64; x64) AppleWebKit/537.36 (KHTML, like Gecko) Chrome/71.0.3578.98 Safari/537.36" "-" "fr"
5.215.46.140 - - [26/Jan/2023:20:28:52 +0330] "GET /blog/home-appliances/big-kitchen-appliances/hood/%D8%B1%D8%A7%D9%87%D9%87%D8%A7%DB%8C%DB%8C-%D8%A8%D8%B1%D8%A7%DB%8C-%D8%A7%D8%B2-%D8%A8%DB%8C%D9%86-%D8%A8%D8%B1%D8%AF%D9%86-%D8%A8%D9%88%DB%8C-%D8%B3%DB%8C%D8%B1-%D8%AF%D8%A7%D8%BA-%D9%88-%D9%BE/ HTTP/1.1" 200 23611 "https://www.example.com" "Mozilla/5.0 (Linux; Android 8.1.0; SAMSUNG SM-J415FN Build/M1AJQ) AppleWebKit/537.36 (KHTML, like Gecko) SamsungBrowser/8.2 Chrome/63.0.3239.111 Mobile Safari/537.36" "-" "fr"
66.249.66.91 - - [26/Jan/2023:20:28:52 +0330] "GET /static/images/amp/blog.png HTTP/1.1" 304 0 "-" "Googlebot-Image/1.0" "-" "en"
5.125.216.51 - - [26/Jan/2023:20:28:52 +0330] "GET /image/20/brand HTTP/1.1" 200 1958 "https://www.example.com" "Mozilla/5.0 (Android 5.1.1; Mobile; rv:64.0) Gecko/64.0 Firefox/64.0" "-" "en"
5.125.216.51 - - [26/Jan/2023:20:28:52 +0330] "GET /image/886/brand HTTP/1.1" 200 3860 "https://www.example.com" "Mozilla/5.0 (Android 5.1.1; Mobile; rv:64.0) Gecko/64.0 Firefox/64.0" "-" "en"
5.125.216.51 - - [26/Jan/2023:20:28:52 +0330] "GET /image/879/brand HTTP/1.1" 200 3348 "https://www.example.com" "Mozilla/5.0 (Android 5.1.1; Mobile; rv:64.0) Gecko/64.0 Firefox/64.0" "-" "en"
5.117.0.221 - - [26/Jan/2023:20:28:52 +0330] "GET /settings/logo HTTP/1.1" 200 4120 "https://www.example.com" "Mozilla/5.0 (Linux; Android 6.0; Lenovo TB3-850M) AppleWebKit/537.36 (KHTML, like Gecko) Chrome/71.0.3578.99 Safari/537.36" "-" "fr"
5.125.216.51 - - [26/Jan/2023:20:28:52 +0330] "GET /image/11/productTypeType HTTP/1.1" 200 11468 "https://www.example.com" "Mozilla/5.0 (Android 5.1.1; Mobile; rv:64.0) Gecko/64.0 Firefox/64.0" "-" "en"
5.122.108.177 - - [26/Jan/2023:20:28:52 +0330] "GET /image/34286?name=galaxy-j4-plus-black-1.jpg&wh=200x200 HTTP/1.1" 200 5664 "-" "Dalvik/2.1.0 (Linux; U; Android 8.1.0; SM-J415FN Build/M1AJQ)" "-" "en"
66.249.66.91 - - [26/Jan/2023:20:28:52 +0330] "GET /static/images/amp/telegram.png HTTP/1.1" 304 0 "-" "Googlebot-Image/1.0" "-" "en"
66.249.66.91 - - [26/Jan/2023:20:28:52 +0330] "GET /image/46098/productModel/150x150 HTTP/1.1" 200 3450 "-" "Googlebot-Image/1.0" "-" "en"
5.122.88.41 - - [26/Jan/2023:20:28:53 +0330] "GET /image/34288?name=galaxy-j4-black-1.jpg&wh=200x200 HTTP/1.1" 200 4401 "https://www.example.com" "Mozilla/5.0 (Linux; Android 8.0.0; SAMSUNG SM-G935F Build/R16NW) AppleWebKit/537.36 (KHTML, like Gecko) SamsungBrowser/8.2 Chrome/63.0.3239.111 Mobile Safari/537.36" "-" "fr"
188.215.242.57 - - [26/Jan/2023:20:28:53 +0330] "GET /image/32899?name=dle-55h1800dpb-2.jpg&wh=200x200 HTTP/1.1" 200 6451 "-" "Dalvik/2.1.0 (Linux; U; Android 8.1.0; SM-J710F Build/M1AJQ)" "-" "en"
66.249.66.91 - - [26/Jan/2023:20:28:53 +0330] "GET /static/css/font/wyekan/font.woff HTTP/1.1" 304 0 "-" "Mozilla/5.0 (Linux; Android 6.0.1; Nexus 5X Build/MMB29P) AppleWebKit/537.36 (KHTML, like Gecko) Chrome/41.0.2272.96 Mobile Safari/537.36 (compatible; Googlebot/2.1; +http://www.google.com/bot.html)" "-" "en"
5.216.172.90 - - [26/Jan/2023:20:28:53 +0330] "GET /image/213/brand HTTP/1.1" 200 2328 "https://www.example.com" "Mozilla/5.0 (Linux; Android 8.0.0; SM-A720F) AppleWebKit/537.36 (KHTML, like Gecko) Chrome/71.0.3578.99 Mobile Safari/537.36" "-" "fr"
5.125.216.51 - - [26/Jan/2023:20:28:53 +0330] "GET /image/14/productTypeType HTTP/1.1" 200 11129 "https://www.example.com" "Mozilla/5.0 (Android 5.1.1; Mobile; rv:64.0) Gecko/64.0 Firefox/64.0" "-" "en"
66.249.66.91 - - [26/Jan/2023:20:28:53 +0330] "GET /static/images/amp/blog.png HTTP/1.1" 304 0 "-" "Googlebot-Image/1.0" "-" "en"
66.249.66.91 - - [26/Jan/2023:20:28:53 +0330] "GET /static/images/amp/telegram.png HTTP/1.1" 304 0 "-" "Googlebot-Image/1.0" "-" "en"
66.249.66.91 - - [26/Jan/2023:20:28:53 +0330] "GET /static/css/font/wyekan/font.woff HTTP/1.1" 304 0 "-" "Mozilla/5.0 (Linux; Android 6.0.1; Nexus 5X Build/MMB29P) AppleWebKit/537.36 (KHTML, like Gecko) Chrome/41.0.2272.96 Mobile Safari/537.36 (compatible; Googlebot/2.1; +http://www.google.com/bot.html)" "-" "en"
89.34.145.228 - - [26/Jan/2023:20:28:53 +0330] "GET /image/1226/mainSlideMobile HTTP/1.1" 200 71740 "https://www.example.com" "Mozilla/5.0 (Linux; Android 8.1.0; TA-1021) AppleWebKit/537.36 (KHTML, like Gecko) Chrome/71.0.3578.99 Mobile Safari/537.36" "-" "fr"
66.249.66.91 - - [26/Jan/2023:20:28:53 +0330] "GET /static/images/amp/blog.png HTTP/1.1" 304 0 "-" "Googlebot-Image/1.0" "-" "en"
5.216.172.90 - - [26/Jan/2023:20:28:53 +0330] "GET /image/151/brand HTTP/1.1" 200 2572 "https://www.example.com" "Mozilla/5.0 (Linux; Android 8.0.0; SM-A720F) AppleWebKit/537.36 (KHTML, like Gecko) Chrome/71.0.3578.99 Mobile Safari/537.36" "-" "fr"
213.226.68.231 - - [26/Jan/2023:20:28:53 +0330] "GET /settings/logo HTTP/1.1" 200 4120 "https://www.example.com" "Mozilla/5.0 (iPhone; CPU iPhone OS 11_2_6 like Mac OS X) AppleWebKit/604.5.6 (KHTML, like Gecko) Version/11.0 Mobile/15D100 Safari/604.1" "-" "ko"
66.249.66.91 - - [26/Jan/2023:20:28:53 +0330] "GET /static/images/amp/telegram.png HTTP/1.1" 304 0 "-" "Googlebot-Image/1.0" "-" "en"
5.114.175.169 - - [26/Jan/2023:20:28:53 +0330] "GET /static/images/guarantees/goodShopping.png HTTP/1.1" 200 6496 "https://www.example.com" "Mozilla/5.0 (iPhone; CPU iPhone OS 11_4_1 like Mac OS X) AppleWebKit/605.1.15 (KHTML, like Gecko) Version/11.0 Mobile/15E148 Safari/604.1" "-" "ko"
151.239.2.90 - - [26/Jan/2023:20:28:53 +0330] "GET /site/enamad HTTP/1.1" 200 278 "https://www.example.com" "Mozilla/5.0 (Windows NT 10.0; Win64; x64; rv:64.0) Gecko/20100101 Firefox/64.0" "-" "en"
5.114.175.169 - - [26/Jan/2023:20:28:53 +0330] "GET /static/images/guarantees/fastDelivery.png HTTP/1.1" 200 7713 "https://www.example.com" "Mozilla/5.0 (iPhone; CPU iPhone OS 11_4_1 like Mac OS X) AppleWebKit/605.1.15 (KHTML, like Gecko) Version/11.0 Mobile/15E148 Safari/604.1" "-" "ko"
5.114.175.169 - - [26/Jan/2023:20:28:53 +0330] "GET /static/images/guarantees/warranty.png HTTP/1.1" 200 5807 "https://www.example.com" "Mozilla/5.0 (iPhone; CPU iPhone OS 11_4_1 like Mac OS X) AppleWebKit/605.1.15 (KHTML, like Gecko) Version/11.0 Mobile/15E148 Safari/604.1" "-" "ko"
5.114.175.169 - - [26/Jan/2023:20:28:53 +0330] "GET /static/images/guarantees/bestPrice.png HTTP/1.1" 200 7356 "https://www.example.com" "Mozilla/5.0 (iPhone; CPU iPhone OS 11_4_1 like Mac OS X) AppleWebKit/605.1.15 (KHTML, like Gecko) Version/11.0 Mobile/15E148 Safari/604.1" "-" "ko"
5.114.175.169 - - [26/Jan/2023:20:28:53 +0330] "GET /settings/logo HTTP/1.1" 200 4120 "https://www.example.com" "Mozilla/5.0 (iPhone; CPU iPhone OS 11_4_1 like Mac OS X) AppleWebKit/605.1.15 (KHTML, like Gecko) Version/11.0 Mobile/15E148 Safari/604.1" "-" "ko"
5.114.175.169 - - [26/Jan/2023:20:28:53 +0330] "GET /static/images/guarantees/support.png HTTP/1.1" 200 6454 "https://www.example.com" "Mozilla/5.0 (iPhone; CPU iPhone OS 11_4_1 like Mac OS X) AppleWebKit/605.1.15 (KHTML, like Gecko) Version/11.0 Mobile/15E148 Safari/604.1" "-" "ko"
2.182.248.122 - - [26/Jan/2023:20:28:53 +0330] "POST /site/productCard HTTP/1.1" 200 1130 "https://www.example.com" "Mozilla/5.0 (Windows NT 6.1; rv:64.0) Gecko/20100101 Firefox/64.0" "-" "en"
66.249.66.91 - - [26/Jan/2023:20:28:53 +0330] "GET /filter/b481%2Cb226%2Cb80%2Cb270%2Cb903%2Cb883%2Cb152%2Cb249%2Cb701%2Cb723%2Cb42%2Cb198%2Cb183%2Cb219%2Cb308%2Cb126%2Cb900%2Cb188%2Cb890%2Cb236%2Cb74%2Cb400%2Cb209%2Cb19%2Cb454%2Cb651%2Cb202%2Cb4%2Cb22%2Cb596%2Cb143%2Cb221%2Cb194%2Cb647%2Cb497%2Cb546%2Cb105%2Cb185%2Cb151%2Cb88%2Cb43%2Cb103%2Cb613%2Cb880%2Cb212%2Cb861%2Cb148%2Cb135%2Cb186%2Cb778%2Cb879%2Cb256%2Cb614%2Cb484%2Cb820%2Cb648%2Cb99%2Cb321%2Cb36%2Cb615%2Cb523%2Cb3%2Cb192%2Cb645%2Cb548%2Cb136%2Cb734%2Cb597%2Cb95%2Cb603%2Cb218%2Cb238%2Cb180%2Cb2%2Cb435%2Cb656?page=5 HTTP/1.1" 200 41895 "-" "Mozilla/5.0 (compatible; Googlebot/2.1; +http://www.google.com/bot.html)" "-" "en"
151.239.2.90 - - [26/Jan/2023:20:28:53 +0330] "GET /site/alexaGooleAnalitic HTTP/1.1" 200 323 "https://www.example.com" "Mozilla/5.0 (Windows NT 10.0; Win64; x64; rv:64.0) Gecko/20100101 Firefox/64.0" "-" "en"
5.114.175.169 - - [26/Jan/2023:20:28:53 +0330] "GET /image/62178/productModel/200x200 HTTP/1.1" 200 7618 "https://www.example.com" "Mozilla/5.0 (iPhone; CPU iPhone OS 11_4_1 like Mac OS X) AppleWebKit/605.1.15 (KHTML, like Gecko) Version/11.0 Mobile/15E148 Safari/604.1" "-" "ko"
54.36.148.110 - - [26/Jan/2023:20:28:54 +0330] "GET /filter?f=p47%2Cv1%7C%D9%85%D8%B4%DA%A9%DB%8C+%D8%B3%D8%A8%D8%B2%2Cv1%7C%D8%B2%D8%B1%D8%B4%DA%A9%DB%8C.&o=v1 HTTP/1.1" 302 0 "-" "Mozilla/5.0 (compatible; AhrefsBot/6.1; +http://ahrefs.com/robot/)" "-" "en"
66.249.66.91 - - [26/Jan/2023:20:28:54 +0330] "GET /static/css/font/wyekan/font.woff HTTP/1.1" 304 0 "-" "Mozilla/5.0 (Linux; Android 6.0.1; Nexus 5X Build/MMB29P) AppleWebKit/537.36 (KHTML, like Gecko) Chrome/41.0.2272.96 Mobile Safari/537.36 (compatible; Googlebot/2.1; +http://www.google.com/bot.html)" "-" "en"
5.123.181.52 - - [26/Jan/2023:20:28:54 +0330] "GET /m/article/206/%D9%BE%D8%AE%D8%AA-%D8%A8%D8%B1%D9%86%D8%AC%DB%8C-%D8%B9%D8%A7%D9%84%DB%8C-%D8%AF%D8%B1-%D9%BE%D9%84%D9%88%D9%BE%D8%B2 HTTP/1.1" 200 18145 "-" "Mozilla/5.0 (Linux; U; Android 4.4.2; fa-ir; SM-G355H Build/KOT49H) AppleWebKit/534.30 (KHTML, like Gecko) Version/4.0 Mobile Safari/534.30" "-" "en"
5.216.172.90 - - [26/Jan/2023:20:28:54 +0330] "GET /image/1/brand HTTP/1.1" 200 3924 "https://www.example.com" "Mozilla/5.0 (Linux; Android 8.0.0; SM-A720F) AppleWebKit/537.36 (KHTML, like Gecko) Chrome/71.0.3578.99 Mobile Safari/537.36" "-" "fr"
66.249.66.91 - - [26/Jan/2023:20:28:54 +0330] "GET /static/images/amp/telegram.png HTTP/1.1" 304 0 "-" "Googlebot-Image/1.0" "-" "en"
5.114.175.169 - - [26/Jan/2023:20:28:54 +0330] "GET /image/43/brand HTTP/1.1" 200 2376 "https://www.example.com" "Mozilla/5.0 (iPhone; CPU iPhone OS 11_4_1 like Mac OS X) AppleWebKit/605.1.15 (KHTML, like Gecko) Version/11.0 Mobile/15E148 Safari/604.1" "-" "ko"
5.114.175.169 - - [26/Jan/2023:20:28:54 +0330] "GET /image/20/brand HTTP/1.1" 200 1958 "https://www.example.com" "Mozilla/5.0 (iPhone; CPU iPhone OS 11_4_1 like Mac OS X) AppleWebKit/605.1.15 (KHTML, like Gecko) Version/11.0 Mobile/15E148 Safari/604.1" "-" "ko"
5.114.175.169 - - [26/Jan/2023:20:28:54 +0330] "GET /image/1020/mainSlideMobile HTTP/1.1" 200 68837 "https://www.example.com" "Mozilla/5.0 (iPhone; CPU iPhone OS 11_4_1 like Mac OS X) AppleWebKit/605.1.15 (KHTML, like Gecko) Version/11.0 Mobile/15E148 Safari/604.1" "-" "ko"
69.162.124.229 - - [23/Jan/2023:11:51:15 +0330] "HEAD / HTTP/1.1" 200 0 "https://www.example.com" "Mozilla/5.0+(compatible; UptimeRobot/2.0; http://www.uptimerobot.com/)" "-" "en"