151.239.2.90 - - [26/Jan/2023:20:28:37 +0330] "GET /image/18921/productModel/50x50 HTTP/1.1" 200 1323 "https://www.example.com" "Mozilla/5.0 (Windows NT 10.0; Win64; x64; rv:64.0) Gecko/20100101 Firefox/64.0" "-" "en"
69.162.124.229 - - [23/Jan/2023:11:51:13 +0330] "HEAD / HTTP/1.1" 301 0 "https://www.example.com" "Mozilla/5.0+(compatible; UptimeRobot/2.0; http://www.uptimerobot.com/)" "-" "en"
151.239.2.90 - - [26/Jan/2023:20:28:37 +0330] "GET /image/62634/productModel/50x50 HTTP/1.1" 200 1130 "https://www.example.com" "Mozilla/5.0 (Windows NT 10.0; Win64; x64; rv:64.0) Gecko/20100101 Firefox/64.0" "-" "ja-JP"
2.182.248.122 - - [26/Jan/2023:20:28:38 +0330] "POST /site/productAdditives HTTP/1.1" 200 321 "https://www.example.com" "Mozilla/5.0 (Windows NT 6.1; rv:64.0) Gecko/20100101 Firefox/64.0" "-" "null"
2.182.248.122 - - [26/Jan/2023:20:28:38 +0330] "POST /site/productModelImages HTTP/1.1" 200 964 "https://www.example.com" "Mozilla/5.0 (Windows NT 6.1; rv:64.0) Gecko/20100101 Firefox/64.0" "-" "null"
2.182.248.122 - - [26/Jan/2023:20:28:38 +0330] "POST /site/productCard HTTP/1.1" 200 862 "https://www.example.com" "Mozilla/5.0 (Windows NT 6.1; rv:64.0) Gecko/20100101 Firefox/64.0" "-" "en"
2.182.248.122 - - [26/Jan/2023:20:28:38 +0330] "POST /site/productPrice HTTP/1.1" 200 493 "https://www.example.com" "Mozilla/5.0 (Windows NT 6.1; rv:64.0) Gecko/20100101 Firefox/64.0" "-" "null"
151.239.2.90 - - [26/Jan/2023:20:28:38 +0330] "GET /site/searchAutoComplete?f=p0&phrase=%D8%AA%D9%82 HTTP/1.1" 200 1287 "https://www.example.com" "Mozilla/5.0 (Windows NT 10.0; Win64; x64; rv:64.0) Gecko/20100101 Firefox/64.0" "-" "en"
89.199.23.128 - - [26/Jan/2023:20:28:38 +0330] "GET /image/33640?name=iphonexr_white.jpg&wh=200x200 HTTP/1.1" 200 5299 "-" "Dalvik/2.1.0 (Linux; U; Android 6.0; HTC_M8x Build/MRA58K)" "-" "en"
151.239.2.90 - - [26/Jan/2023:20:28:38 +0330] "GET /image/60661/productModel/50x50 HTTP/1.1" 200 1269 "https://www.example.com" "Mozilla/5.0 (Windows NT 10.0; Win64; x64; rv:64.0) Gecko/20100101 Firefox/64.0" "-" "en"
151.239.2.90 - - [26/Jan/2023:20:28:38 +0330] "GET /image/6408/productModel/50x50 HTTP/1.1" 200 1153 "https://www.example.com" "Mozilla/5.0 (Windows NT 10.0; Win64; x64; rv:64.0) Gecko/20100101 Firefox/64.0" "-" "en"
86.55.30.2 - - [26/Jan/2023:20:28:39 +0330] "GET / HTTP/1.1" 301 178 "-" "Mozilla/5.0 (Linux; Android 5.1.1; SAMSUNG SM-J500H Build/LMY48B) AppleWebKit/537.36 (KHTML, like Gecko) SamsungBrowser/3.3 Chrome/38.0.2125.102 Mobile Safari/537.36" "-" "fr"
151.239.2.90 - - [26/Jan/2023:20:28:39 +0330] "GET /image/26746/productModel/50x50 HTTP/1.1" 200 1513 "https://www.example.com" "Mozilla/5.0 (Windows NT 10.0; Win64; x64; rv:64.0) Gecko/20100101 Firefox/64.0" "-" "en"
151.239.2.90 - - [26/Jan/2023:20:28:39 +0330] "GET /image/59572/productModel/50x50 HTTP/1.1" 200 1320 "https://www.example.com" "Mozilla/5.0 (Windows NT 10.0; Win64; x64; rv:64.0) Gecko/20100101 Firefox/64.0" "-" "en"
151.239.2.90 - - [26/Jan/2023:20:28:39 +0330] "GET /image/26744/productModel/50x50 HTTP/1.1" 200 1513 "https://www.example.com" "Mozilla/5.0 (Windows NT 10.0; Win64; x64; rv:64.0) Gecko/20100101 Firefox/64.0" "-" "en"
151.239.2.90 - - [26/Jan/2023:20:28:39 +0330] "GET /image/64205/productModel/50x50 HTTP/1.1" 200 1228 "https://www.example.com" "Mozilla/5.0 (Windows NT 10.0; Win64; x64; rv:64.0) Gecko/20100101 Firefox/64.0" "-" "en"
151.239.2.90 - - [26/Jan/2023:20:28:39 +0330] "GET /image/63014/productModel/50x50 HTTP/1.1" 200 1334 "https://www.example.com" "Mozilla/5.0 (Windows NT 10.0; Win64; x64; rv:64.0) Gecko/20100101 Firefox/64.0" "-" "en"
151.239.2.90 - - [26/Jan/2023:20:28:39 +0330] "GET /image/64207/productModel/50x50 HTTP/1.1" 200 1403 "https://www.example.com" "Mozilla/5.0 (Windows NT 10.0; Win64; x64; rv:64.0) Gecko/20100101 Firefox/64.0" "-" "en"
151.239.2.90 - - [26/Jan/2023:20:28:39 +0330] "GET /image/26747/productModel/50x50 HTTP/1.1" 200 1513 "https://www.example.com" "Mozilla/5.0 (Windows NT 10.0; Win64; x64; rv:64.0) Gecko/20100101 Firefox/64.0" "-" "en"
151.239.2.90 - - [26/Jan/2023:20:28:39 +0330] "GET /image/26750/productModel/50x50 HTTP/1.1" 200 1553 "https://www.example.com" "Mozilla/5.0 (Windows NT 10.0; Win64; x64; rv:64.0) Gecko/20100101 Firefox/64.0" "-" "en"
151.239.2.90 - - [26/Jan/2023:20:28:39 +0330] "GET /image/26751/productModel/50x50 HTTP/1.1" 200 1553 "https://www.example.com" "Mozilla/5.0 (Windows NT 10.0; Win64; x64; rv:64.0) Gecko/20100101 Firefox/64.0" "-" "en"
151.239.2.90 - - [26/Jan/2023:20:28:39 +0330] "GET /image/26752/productModel/50x50 HTTP/1.1" 200 1553 "https://www.example.com" "Mozilla/5.0 (Windows NT 10.0; Win64; x64; rv:64.0) Gecko/20100101 Firefox/64.0" "-" "en"
151.239.2.90 - - [26/Jan/2023:20:28:39 +0330] "GET /image/63871/productModel/50x50 HTTP/1.1" 200 1207 "https://www.example.com" "Mozilla/5.0 (Windows NT 10.0; Win64; x64; rv:64.0) Gecko/20100101 Firefox/64.0" "-" "en"
151.239.2.90 - - [26/Jan/2023:20:28:39 +0330] "GET /image/26753/productModel/50x50 HTTP/1.1" 200 1553 "https://www.example.com" "Mozilla/5.0 (Windows NT 10.0; Win64; x64; rv:64.0) Gecko/20100101 Firefox/64.0" "-" "en"
151.239.2.90 - - [26/Jan/2023:20:28:39 +0330] "GET /image/63738/productModel/50x50 HTTP/1.1" 200 1277 "https://www.example.com" "Mozilla/5.0 (Windows NT 10.0; Win64; x64; rv:64.0) Gecko/20100101 Firefox/64.0" "-" "en"
5.121.166.61 - - [26/Jan/2023:20:28:39 +0330] "GET /image/64756/productModel/200x200 HTTP/1.1" 200 5384 "https://www.example.com" "Mozilla/5.0 (Linux; Android 4.3; NokiaX2DS Build/JLS36C) AppleWebKit/537.36 (KHTML, like Gecko) Chrome/34.0.1847.116 Mobile Safari/537.36 OPR/21.0.1437.75439" "-" "es"
5.121.166.61 - - [26/Jan/2023:20:28:39 +0330] "GET /image/64719/productModel/200x200 HTTP/1.1" 200 4156 "https://www.example.com" "Mozilla/5.0 (Linux; Android 4.3; NokiaX2DS Build/JLS36C) AppleWebKit/537.36 (KHTML, like Gecko) Chrome/34.0.1847.116 Mobile Safari/537.36 OPR/21.0.1437.75439" "-" "es"
151.239.2.90 - - [26/Jan/2023:20:28:39 +0330] "GET /image/6404/productModel/50x50 HTTP/1.1" 200 1138 "https://www.example.com" "Mozilla/5.0 (Windows NT 10.0; Win64; x64; rv:64.0) Gecko/20100101 Firefox/64.0" "-" "en"
151.239.2.90 - - [26/Jan/2023:20:28:39 +0330] "GET /image/38776/productModel/50x50 HTTP/1.1" 200 1409 "https://www.example.com" "Mozilla/5.0 (Windows NT 10.0; Win64; x64; rv:64.0) Gecko/20100101 Firefox/64.0" "-" "en"
151.239.2.90 - - [26/Jan/2023:20:28:39 +0330] "GET /image/62379/productModel/50x50 HTTP/1.1" 200 1234 "https://www.example.com" "Mozilla/5.0 (Windows NT 10.0; Win64; x64; rv:64.0) Gecko/20100101 Firefox/64.0" "-" "en"
5.121.166.61 - - [26/Jan/2023:20:28:39 +0330] "GET /image/65021/productModel/200x200 HTTP/1.1" 200 5299 "https://www.example.com" "Mozilla/5.0 (Linux; Android 4.3; NokiaX2DS Build/JLS36C) AppleWebKit/537.36 (KHTML, like Gecko) Chrome/34.0.1847.116 Mobile Safari/537.36 OPR/21.0.1437.75439" "-" "es"
151.239.2.90 - - [26/Jan/2023:20:28:39 +0330] "GET /image/62381/productModel/50x50 HTTP/1.1" 200 1302 "https://www.example.com" "Mozilla/5.0 (Windows NT 10.0; Win64; x64; rv:64.0) Gecko/20100101 Firefox/64.0" "-" "en"
151.239.2.90 - - [26/Jan/2023:20:28:39 +0330] "GET /image/26745/productModel/50x50 HTTP/1.1" 200 1513 "https://www.example.com" "Mozilla/5.0 (Windows NT 10.0; Win64; x64; rv:64.0) Gecko/20100101 Firefox/64.0" "-" "en"
5.121.166.61 - - [26/Jan/2023:20:28:39 +0330] "GET /image/62706/productModel/200x200 HTTP/1.1" 200 4239 "https://www.example.com" "Mozilla/5.0 (Linux; Android 4.3; NokiaX2DS Build/JLS36C) AppleWebKit/537.36 (KHTML, like Gecko) Chrome/34.0.1847.116 Mobile Safari/537.36 OPR/21.0.1437.75439" "-" "es"
83.122.159.44 - - [26/Jan/2023:20:28:40 +0330] "GET /image/33968?name=6p-m1.jpg&wh=200x200 HTTP/1.1" 200 5852 "https://www.example.com" "Mozilla/5.0 (iPhone; CPU iPhone OS 12_1_2 like Mac OS X) AppleWebKit/605.1.15 (KHTML, like Gecko) FxiOS/14.0b12646 Mobile/16C101 Safari/605.1.15" "-" "en"
5.208.194.43 - - [26/Jan/2023:20:28:40 +0330] "GET /m/product/30610/60342/%DB%8C%D8%AE%DA%86%D8%A7%D9%84-%D9%81%D8%B1%DB%8C%D8%B2%D8%B1-%D8%B3%D8%A7%DB%8C%D8%AF-%D8%A8%D8%A7%DB%8C-%D8%B3%D8%A7%DB%8C%D8%AF-%D8%A7%D8%B3%D9%86%D9%88%D8%A7-%D9%85%D8%AF%D9%84-SS-P3200SS HTTP/1.1" 499 0 "-" "Mozilla/5.0 (Linux; Android 6.0.1; SAMSUNG SM-G532F Build/MMB29T) AppleWebKit/537.36 (KHTML, like Gecko) SamsungBrowser/8.2 Chrome/63.0.3239.111 Mobile Safari/537.36" "-" "fr"
66.249.66.91 - - [26/Jan/2023:20:28:40 +0330] "GET /static/images/amp/blog.png HTTP/1.1" 304 0 "-" "Googlebot-Image/1.0" "-" "en"
5.112.169.190 - - [26/Jan/2023:20:28:40 +0330] "GET /image/64428/productModel/150x150 HTTP/1.1" 200 2238 "https://www.example.com" "Mozilla/5.0 (Linux; Android 7.0; SAMSUNG SM-G610F Build/NRD90M) AppleWebKit/537.36 (KHTML, like Gecko) SamsungBrowser/6.2 Chrome/56.0.2924.87 Mobile Safari/537.36" "-" "fr"
2.182.248.122 - - [26/Jan/2023:20:28:40 +0330] "POST /site/productCard HTTP/1.1" 200 867 "https://www.example.com" "Mozilla/5.0 (Windows NT 6.1; rv:64.0) Gecko/20100101 Firefox/64.0" "-" "en"
2.182.248.122 - - [26/Jan/2023:20:28:40 +0330] "POST /site/productPrice HTTP/1.1" 200 493 "https://www.example.com" "Mozilla/5.0 (Windows NT 6.1; rv:64.0) Gecko/20100101 Firefox/64.0" "-" "en"
2.182.248.122 - - [26/Jan/2023:20:28:40 +0330] "POST /site/productModelImages HTTP/1.1" 200 964 "https://www.example.com" "Mozilla/5.0 (Windows NT 6.1; rv:64.0) Gecko/20100101 Firefox/64.0" "-" "en"
2.182.248.122 - - [26/Jan/2023:20:28:40 +0330] "POST /site/productAdditives HTTP/1.1" 200 321 "https://www.example.com" "Mozilla/5.0 (Windows NT 6.1; rv:64.0) Gecko/20100101 Firefox/64.0" "-" "en"
66.249.66.91 - - [26/Jan/2023:20:28:40 +0330] "GET /image/56968/productModel/200x200 HTTP/1.1" 200 3686 "-" "Googlebot-Image/1.0" "-" "en"
2.182.248.122 - - [26/Jan/2023:20:28:40 +0330] "POST /site/similarProducts HTTP/1.1" 200 1645 "https://www.example.com" "Mozilla/5.0 (Windows NT 6.1; rv:64.0) Gecko/20100101 Firefox/64.0" "-" "en"
66.249.66.194 - - [26/Jan/2023:20:28:40 +0330] "GET /m/browse/fryer/%D8%B3%D8%B1%D8%AE-%DA%A9%D9%86 HTTP/1.1" 200 19125 "-" "Mozilla/5.0 (Linux; Android 6.0.1; Nexus 5X Build/MMB29P) AppleWebKit/537.36 (KHTML, like Gecko) Chrome/41.0.2272.96 Mobile Safari/537.36 (compatible; Googlebot/2.1; +http://www.google.com/bot.html)" "-" "en"
151.239.2.90 - - [26/Jan/2023:20:28:40 +0330] "GET /site/searchAutoComplete?f=p0&phrase=%D8%AA%D9%82%D9%88 HTTP/1.1" 200 0 "https://www.example.com" "Mozilla/5.0 (Windows NT 10.0; Win64; x64; rv:64.0) Gecko/20100101 Firefox/64.0" "-" "en"
66.249.66.91 - - [26/Jan/2023:20:28:41 +0330] "GET /static/css/font/wyekan/font.ttf HTTP/1.1" 304 0 "-" "Mozilla/5.0 (Linux; Android 6.0.1; Nexus 5X Build/MMB29P) AppleWebKit/537.36 (KHTML, like Gecko) Chrome/41.0.2272.96 Mobile Safari/537.36 (compatible; Googlebot/2.1; +http://www.google.com/bot.html)" "-" "en"
66.249.66.91 - - [26/Jan/2023:20:28:41 +0330] "GET /static/images/amp/telegram.png HTTP/1.1" 304 0 "-" "Googlebot-Image/1.0" "-" "en"
5.115.85.29 - - [26/Jan/2023:20:28:41 +0330] "GET /image/627/mainSlideMobile HTTP/1.1" 200 82167 "https://www.example.com" "Mozilla/5.0 (Linux; Android 8.0.0; BND-L21) AppleWebKit/537.36 (KHTML, like Gecko) Chrome/71.0.3578.98 Mobile Safari/537.36" "-" "fr"
5.115.85.29 - - [26/Jan/2023:20:28:41 +0330] "GET /settings/logo HTTP/1.1" 200 4120 "https://www.example.com" "Mozilla/5.0 (Linux; Android 8.0.0; BND-L21) AppleWebKit/537.36 (KHTML, like Gecko) Chrome/71.0.3578.98 Mobile Safari/537.36" "-" "fr"
5.120.124.229 - - [26/Jan/2023:20:28:41 +0330] "GET /image/55920/productModel/200x200 HTTP/1.1" 200 2442 "https://www.example.com" "Mozilla/5.0 (Linux; Android 4.4.2; SM-T211 Build/KOT49H) AppleWebKit/537.36 (KHTML, like Gecko) Chrome/67.0.3396.87 Safari/537.36" "-" "fr"
5.236.58.83 - - [26/Jan/2023:20:28:41 +0330] "GET /m/product/2543/%D8%BA%D8%B0%D8%A7-%D8%B3%D8%A7%D8%B2-%D9%81%DB%8C%D9%84%DB%8C%D9%BE%D8%B3-%D9%85%D8%AF%D9%84-HR7778 HTTP/1.1" 200 21360 "https://www.example.com" "Mozilla/5.0 (iPhone; CPU iPhone OS 12_1_2 like Mac OS X) AppleWebKit/605.1.15 (KHTML, like Gecko) Version/12.0 Mobile/15E148 Safari/604.1" "-" "ko"
5.115.85.29 - - [26/Jan/2023:20:28:41 +0330] "GET /static/images/amp/instagram.png HTTP/1.1" 200 7146 "https://www.example.com" "Mozilla/5.0 (Linux; Android 8.0.0; BND-L21) AppleWebKit/537.36 (KHTML, like Gecko) Chrome/71.0.3578.98 Mobile Safari/537.36" "-" "fr"
5.115.85.29 - - [26/Jan/2023:20:28:41 +0330] "GET /image/484/brand HTTP/1.1" 200 2649 "https://www.example.com" "Mozilla/5.0 (Linux; Android 8.0.0; BND-L21) AppleWebKit/537.36 (KHTML, like Gecko) Chrome/71.0.3578.98 Mobile Safari/537.36" "-" "fr"
5.115.85.29 - - [26/Jan/2023:20:28:41 +0330] "GET /static/images/amp/telegram.png HTTP/1.1" 200 4859 "https://www.example.com" "Mozilla/5.0 (Linux; Android 8.0.0; BND-L21) AppleWebKit/537.36 (KHTML, like Gecko) Chrome/71.0.3578.98 Mobile Safari/537.36" "-" "fr"
66.249.66.91 - - [26/Jan/2023:20:28:41 +0330] "GET /static/css/font/wyekan/font.woff HTTP/1.1" 304 0 "-" "Mozilla/5.0 (Linux; Android 6.0.1; Nexus 5X Build/MMB29P) AppleWebKit/537.36 (KHTML, like Gecko) Chrome/41.0.2272.96 Mobile Safari/537.36 (compatible; Googlebot/2.1; +http://www.google.com/bot.html)" "-" "en"
5.115.85.29 - - [26/Jan/2023:20:28:41 +0330] "GET /image/38676/productModel/200x200 HTTP/1.1" 200 5114 "https://www.example.com" "Mozilla/5.0 (Linux; Android 8.0.0; BND-L21) AppleWebKit/537.36 (KHTML, like Gecko) Chrome/71.0.3578.98 Mobile Safari/537.36" "-" "fr"
5.115.85.29 - - [26/Jan/2023:20:28:41 +0330] "GET /image/38694/productModel/200x200 HTTP/1.1" 200 5203 "https://www.example.com" "Mozilla/5.0 (Linux; Android 8.0.0; BND-L21) AppleWebKit/537.36 (KHTML, like Gecko) Chrome/71.0.3578.98 Mobile Safari/537.36" "-" "fr"
5.115.85.29 - - [26/Jan/2023:20:28:41 +0330] "GET /static/images/amp/blog.png HTTP/1.1" 200 3863 "https://www.example.com" "Mozilla/5.0 (Linux; Android 8.0.0; BND-L21) AppleWebKit/537.36 (KHTML, like Gecko) Chrome/71.0.3578.98 Mobile Safari/537.36" "-" "fr"
5.115.85.29 - - [26/Jan/2023:20:28:41 +0330] "GET /static/images/amp/third-party/footer-mobile.png HTTP/1.1" 200 62894 "https://www.example.com" "Mozilla/5.0 (Linux; Android 8.0.0; BND-L21) AppleWebKit/537.36 (KHTML, like Gecko) Chrome/71.0.3578.98 Mobile Safari/537.36" "-" "fr"
5.120.124.229 - - [26/Jan/2023:20:28:41 +0330] "GET /image/1405/productModel/200x200 HTTP/1.1" 200 2798 "https://www.example.com" "Mozilla/5.0 (Linux; Android 4.4.2; SM-T211 Build/KOT49H) AppleWebKit/537.36 (KHTML, like Gecko) Chrome/67.0.3396.87 Safari/537.36" "-" "fr"
91.99.55.165 - - [26/Jan/2023:20:28:41 +0330] "GET /m/filter/p2597%2Cb231 HTTP/1.1" 200 18754 "https://www.example.com" "Mozilla/5.0 (Linux; Android 8.0.0; SM-G930F) AppleWebKit/537.36 (KHTML, like Gecko) Chrome/71.0.3578.99 Mobile Safari/537.36" "-" "fr"
66.249.66.91 - - [26/Jan/2023:20:28:41 +0330] "GET /static/css/font/wyekan/font.woff HTTP/1.1" 304 0 "-" "Mozilla/5.0 (Linux; Android 6.0.1; Nexus 5X Build/MMB29P) AppleWebKit/537.36 (KHTML, like Gecko) Chrome/41.0.2272.96 Mobile Safari/537.36 (compatible; Googlebot/2.1; +http://www.google.com/bot.html)" "-" "en"
5.125.216.51 - - [26/Jan/2023:20:28:41 +0330] "GET /static/images/guarantees/warranty.png HTTP/1.1" 200 5807 "https://www.example.com" "Mozilla/5.0 (Android 5.1.1; Mobile; rv:64.0) Gecko/64.0 Firefox/64.0" "-" "en"
5.125.216.51 - - [26/Jan/2023:20:28:41 +0330] "GET /static/images/guarantees/support.png HTTP/1.1" 200 6454 "https://www.example.com" "Mozilla/5.0 (Android 5.1.1; Mobile; rv:64.0) Gecko/64.0 Firefox/64.0" "-" "en"
5.125.216.51 - - [26/Jan/2023:20:28:41 +0330] "GET /static/images/guarantees/goodShopping.png HTTP/1.1" 200 6496 "https://www.example.com" "Mozilla/5.0 (Android 5.1.1; Mobile; rv:64.0) Gecko/64.0 Firefox/64.0" "-" "en"
5.125.216.51 - - [26/Jan/2023:20:28:41 +0330] "GET /static/images/guarantees/bestPrice.png HTTP/1.1" 200 7356 "https://www.example.com" "Mozilla/5.0 (Android 5.1.1; Mobile; rv:64.0) Gecko/64.0 Firefox/64.0" "-" "en"
80.250.193.6 - - [26/Jan/2023:20:28:41 +0330] "GET /m/filter/b42%2Cp6 HTTP/1.1" 200 19320 "https://www.example.com" "Mozilla/5.0 (Android 8.0.0; Mobile; rv:49.0) Gecko/49.0 Firefox/49.0" "-" "en"
151.239.2.90 - - [26/Jan/2023:20:28:41 +0330] "GET /site/searchAutoComplete?f=p0&phrase=%D8%AA%D9%82%D9%88%DB%8C HTTP/1.1" 200 0 "https://www.example.com" "Mozilla/5.0 (Windows NT 10.0; Win64; x64; rv:64.0) Gecko/20100101 Firefox/64.0" "-" "en"
2.177.236.124 - - [26/Jan/2023:20:28:41 +0330] "GET /m/filter/b485%2Cp12786 HTTP/1.1" 200 18784 "https://www.example.com" "Mozilla/5.0 (Linux; Android 7.0; SM-N920C) AppleWebKit/537.36 (KHTML, like Gecko) Chrome/71.0.3578.99 Mobile Safari/537.36" "-" "fr"
5.216.172.90 - - [26/Jan/2023:20:28:41 +0330] "GET /m/browse/big-kitchen-appliances/%D9%84%D9%88%D8%A7%D8%B2%D9%85-%D8%A8%D8%B2%D8%B1%DA%AF-%D8%A2%D8%B4%D9%BE%D8%B2%D8%AE%D8%A7%D9%86%D9%87 HTTP/1.1" 200 16611 "https://www.example.com" "Mozilla/5.0 (Linux; Android 8.0.0; SM-A720F) AppleWebKit/537.36 (KHTML, like Gecko) Chrome/71.0.3578.99 Mobile Safari/537.36" "-" "fr"
5.125.216.51 - - [26/Jan/2023:20:28:42 +0330] "GET /static/images/guarantees/fastDelivery.png HTTP/1.1" 200 7713 "https://www.example.com" "Mozilla/5.0 (Android 5.1.1; Mobile; rv:64.0) Gecko/64.0 Firefox/64.0" "-" "en"
54.36.148.113 - - [26/Jan/2023:20:28:42 +0330] "GET /product/28855/%D8%A7%D8%AC%D8%A7%D9%82-%DA%AF%D8%A7%D8%B2-%D9%85%D8%A8%D9%84%D9%87-%D9%87%D8%A7%D8%B1%D8%AF%D8%B3%D8%AA%D9%88%D9%86-%D9%85%D8%AF%D9%84-%D9%85%DB%8C%D9%84%D8%AA%D9%88%D9%86-%D8%AF%D9%88-%D9%81%D8%B1-HARDSTONE-Range HTTP/1.1" 200 42548 "-" "Mozilla/5.0 (compatible; AhrefsBot/6.1; +http://ahrefs.com/robot/)" "-" "en"
2.182.248.122 - - [26/Jan/2023:20:28:42 +0330] "POST /site/productAdditives HTTP/1.1" 200 321 "https://www.example.com" "Mozilla/5.0 (Windows NT 6.1; rv:64.0) Gecko/20100101 Firefox/64.0" "-" "en"
91.99.55.165 - - [26/Jan/2023:20:28:42 +0330] "GET /static/images/guarantees/goodShopping.png HTTP/1.1" 200 6496 "https://www.example.com" "Mozilla/5.0 (Linux; Android 8.0.0; SM-G930F) AppleWebKit/537.36 (KHTML, like Gecko) Chrome/71.0.3578.99 Mobile Safari/537.36" "-" "fr"
2.182.248.122 - - [26/Jan/2023:20:28:42 +0330] "POST /site/productPrice HTTP/1.1" 200 689 "https://www.example.com" "Mozilla/5.0 (Windows NT 6.1; rv:64.0) Gecko/20100101 Firefox/64.0" "-" "en"
91.99.55.165 - - [26/Jan/2023:20:28:42 +0330] "GET /static/images/guarantees/warranty.png HTTP/1.1" 200 5807 "https://www.example.com" "Mozilla/5.0 (Linux; Android 8.0.0; SM-G930F) AppleWebKit/537.36 (KHTML, like Gecko) Chrome/71.0.3578.99 Mobile Safari/537.36" "-" "it"
91.99.55.165 - - [26/Jan/2023:20:28:42 +0330] "GET /static/images/guarantees/bestPrice.png HTTP/1.1" 200 7356 "https://www.example.com" "Mozilla/5.0 (Linux; Android 8.0.0; SM-G930F) AppleWebKit/537.36 (KHTML, like Gecko) Chrome/71.0.3578.99 Mobile Safari/537.36" "-" "it"
91.99.55.165 - - [26/Jan/2023:20:28:42 +0330] "GET /static/images/guarantees/support.png HTTP/1.1" 200 6454 "https://www.example.com" "Mozilla/5.0 (Linux; Android 8.0.0; SM-G930F) AppleWebKit/537.36 (KHTML, like Gecko) Chrome/71.0.3578.99 Mobile Safari/537.36" "-" "it"
2.182.248.122 - - [26/Jan/2023:20:28:42 +0330] "POST /site/productModelImages HTTP/1.1" 200 961 "https://www.example.com" "Mozilla/5.0 (Windows NT 6.1; rv:64.0) Gecko/20100101 Firefox/64.0" "-" "en"
2.182.248.122 - - [26/Jan/2023:20:28:42 +0330] "POST /site/productCard HTTP/1.1" 200 994 "https://www.example.com" "Mozilla/5.0 (Windows NT 6.1; rv:64.0) Gecko/20100101 Firefox/64.0" "-" "en"
40.77.167.122 - - [26/Jan/2023:20:28:42 +0330] "GET /product/31973/64992/%DA%AF%D9%88%D8%B4%DB%8C-%D9%85%D9%88%D8%A8%D8%A7%DB%8C%D9%84-%D8%A7%D9%BE%D9%84-%D9%85%D8%AF%D9%84-iPhone-X-64GB HTTP/1.1" 200 41250 "-" "Mozilla/5.0 (compatible; bingbot/2.0; +http://www.bing.com/bingbot.htm)" "-" "en"
91.99.55.165 - - [26/Jan/2023:20:28:42 +0330] "GET /static/images/guarantees/fastDelivery.png HTTP/1.1" 200 7713 "https://www.example.com" "Mozilla/5.0 (Linux; Android 8.0.0; SM-G930F) AppleWebKit/537.36 (KHTML, like Gecko) Chrome/71.0.3578.99 Mobile Safari/537.36" "-" "fr"
5.125.216.51 - - [26/Jan/2023:20:28:42 +0330] "GET /image/56248/productModel/200x200 HTTP/1.1" 200 3265 "https://www.example.com" "Mozilla/5.0 (Android 5.1.1; Mobile; rv:64.0) Gecko/64.0 Firefox/64.0" "-" "en"
5.117.0.221 - - [26/Jan/2023:20:28:42 +0330] "GET /browse/microwave-oven HTTP/1.1" 302 0 "https://www.example.com" "Mozilla/5.0 (Linux; Android 6.0; Lenovo TB3-850M) AppleWebKit/537.36 (KHTML, like Gecko) Chrome/71.0.3578.99 Safari/537.36" "-" "fr"
91.99.55.165 - - [26/Jan/2023:20:28:42 +0330] "GET /static/css/font/wyekan/font.woff HTTP/1.1" 200 28536 "https://www.example.com" "Mozilla/5.0 (Linux; Android 8.0.0; SM-G930F) AppleWebKit/537.36 (KHTML, like Gecko) Chrome/71.0.3578.99 Mobile Safari/537.36" "-" "fr"
66.249.66.194 - - [26/Jan/2023:20:28:42 +0330] "GET /m/filter/b1,p3 HTTP/1.1" 200 19482 "-" "Mozilla/5.0 (Linux; Android 6.0.1; Nexus 5X Build/MMB29P) AppleWebKit/537.36 (KHTML, like Gecko) Chrome/41.0.2272.96 Mobile Safari/537.36 (compatible; Googlebot/2.1; +http://www.google.com/bot.html)" "-" "en"
2.182.248.122 - - [26/Jan/2023:20:28:42 +0330] "POST /site/similarProducts HTTP/1.1" 200 1882 "https://www.example.com" "Mozilla/5.0 (Windows NT 6.1; rv:64.0) Gecko/20100101 Firefox/64.0" "-" "en"
2.177.236.124 - - [26/Jan/2023:20:28:42 +0330] "GET /settings/logo HTTP/1.1" 200 4120 "https://www.example.com" "Mozilla/5.0 (Linux; Android 7.0; SM-N920C) AppleWebKit/537.36 (KHTML, like Gecko) Chrome/71.0.3578.99 Mobile Safari/537.36" "-" "fr"
2.177.236.124 - - [26/Jan/2023:20:28:42 +0330] "GET /image/59038/productModel/200x200 HTTP/1.1" 200 2832 "https://www.example.com" "Mozilla/5.0 (Linux; Android 7.0; SM-N920C) AppleWebKit/537.36 (KHTML, like Gecko) Chrome/71.0.3578.99 Mobile Safari/537.36" "-" "fr"
2.177.236.124 - - [26/Jan/2023:20:28:42 +0330] "GET /image/59473/productModel/200x200 HTTP/1.1" 200 3446 "https://www.example.com" "Mozilla/5.0 (Linux; Android 7.0; SM-N920C) AppleWebKit/537.36 (KHTML, like Gecko) Chrome/71.0.3578.99 Mobile Safari/537.36" "-" "fr"
5.120.73.255 - - [26/Jan/2023:20:28:42 +0330] "GET /m/prepareSearch?phrase=%D8%A8%D8%AE%D8%A7%D8%B1%DB%8C+%D8%A8%D8%B1%D9%82%DB%8C HTTP/1.1" 302 0 "https://www.example.com" "Mozilla/5.0 (iPhone; CPU iPhone OS 11_4_1 like Mac OS X) AppleWebKit/605.1.15 (KHTML, like Gecko) Version/11.0 Mobile/15E148 Safari/604.1" "-" "ko"
2.177.236.124 - - [26/Jan/2023:20:28:42 +0330] "GET /image/59104/productModel/200x200 HTTP/1.1" 200 3502 "https://www.example.com" "Mozilla/5.0 (Linux; Android 7.0; SM-N920C) AppleWebKit/537.36 (KHTML, like Gecko) Chrome/71.0.3578.99 Mobile Safari/537.36" "-" "fr"
66.249.66.194 - - [26/Jan/2023:20:28:42 +0330] "GET /m/filter/p2598,v677%7C%D8%AA%DA%A9%20%D9%84%DA%AF%D9%86 HTTP/1.1" 200 18833 "-" "Mozilla/5.0 (Linux; Android 6.0.1; Nexus 5X Build/MMB29P) AppleWebKit/537.36 (KHTML, like Gecko) Chrome/41.0.2272.96 Mobile Safari/537.36 (compatible; Googlebot/2.1; +http://www.google.com/bot.html)" "-" "en"
5.125.216.51 - - [26/Jan/2023:20:28:42 +0330] "GET /settings/logo HTTP/1.1" 200 4120 "https://www.example.com" "Mozilla/5.0 (Android 5.1.1; Mobile; rv:64.0) Gecko/64.0 Firefox/64.0" "-" "en"
2.177.236.124 - - [26/Jan/2023:20:28:42 +0330] "GET /image/59058/productModel/200x200 HTTP/1.1" 200 6408 "https://www.example.com" "Mozilla/5.0 (Linux; Android 7.0; SM-N920C) AppleWebKit/537.36 (KHTML, like Gecko) Chrome/71.0.3578.99 Mobile Safari/537.36" "-" "fr"
91.99.55.165 - - [26/Jan/2023:20:28:42 +0330] "GET /settings/logo HTTP/1.1" 200 4120 "https://www.example.com" "Mozilla/5.0 (Linux; Android 8.0.0; SM-G930F) AppleWebKit/537.36 (KHTML, like Gecko) Chrome/71.0.3578.99 Mobile Safari/537.36" "-" "fr"
2.177.236.124 - - [26/Jan/2023:20:28:42 +0330] "GET /image/59061/productModel/200x200 HTTP/1.1" 200 6408 "https://www.example.com" "Mozilla/5.0 (Linux; Android 7.0; SM-N920C) AppleWebKit/537.36 (KHTML, like Gecko) Chrome/71.0.3578.99 Mobile Safari/537.36" "-" "fr"
91.99.55.165 - - [26/Jan/2023:20:28:42 +0330] "GET /image/56899/productModel/200x200 HTTP/1.1" 200 5171 "https://www.example.com" "Mozilla/5.0 (Linux; Android 8.0.0; SM-G930F) AppleWebKit/537.36 (KHTML, like Gecko) Chrome/71.0.3578.99 Mobile Safari/537.36" "-" "fr"
5.125.216.51 - - [26/Jan/2023:20:28:42 +0330] "GET /amp-helper-frame.html?appId=a624a1c1-0c93-466a-a546-e146710f97e6&parentOrigin=https://www.zanbil.ir HTTP/1.1" 200 133 "https://www.example.com" "Mozilla/5.0 (Android 5.1.1; Mobile; rv:64.0) Gecko/64.0 Firefox/64.0" "-" "en"
91.99.55.165 - - [26/Jan/2023:20:28:42 +0330] "GET /image/56773/productModel/200x200 HTTP/1.1" 200 3066 "https://www.example.com" "Mozilla/5.0 (Linux; Android 8.0.0; SM-G930F) AppleWebKit/537.36 (KHTML, like Gecko) Chrome/71.0.3578.99 Mobile Safari/537.36" "-" "fr"
91.99.55.165 - - [26/Jan/2023:20:28:42 +0330] "GET /image/56897/productModel/200x200 HTTP/1.1" 200 3393 "https://www.example.com" "Mozilla/5.0 (Linux; Android 8.0.0; SM-G930F) AppleWebKit/537.36 (KHTML, like Gecko) Chrome/71.0.3578.99 Mobile Safari/537.36" "-" "fr"
91.99.55.165 - - [26/Jan/2023:20:28:42 +0330] "GET /image/61531/productModel/200x200 HTTP/1.1" 200 4057 "https://www.example.com" "Mozilla/5.0 (Linux; Android 8.0.0; SM-G930F) AppleWebKit/537.36 (KHTML, like Gecko) Chrome/71.0.3578.99 Mobile Safari/537.36" "-" "fr"
91.99.55.165 - - [26/Jan/2023:20:28:42 +0330] "GET /image/56750/productModel/200x200 HTTP/1.1" 200 3481 "https://www.example.com" "Mozilla/5.0 (Linux; Android 8.0.0; SM-G930F) AppleWebKit/537.36 (KHTML, like Gecko) Chrome/71.0.3578.99 Mobile Safari/537.36" "-" "fr"
91.99.55.165 - - [26/Jan/2023:20:28:42 +0330] "GET /image/57658/productModel/200x200 HTTP/1.1" 200 2835 "https://www.example.com" "Mozilla/5.0 (Linux; Android 8.0.0; SM-G930F) AppleWebKit/537.36 (KHTML, like Gecko) Chrome/71.0.3578.99 Mobile Safari/537.36" "-" "fr"
2.177.236.124 - - [26/Jan/2023:20:28:42 +0330] "GET /image/59040/productModel/200x200 HTTP/1.1" 200 2832 "https://www.example.com" "Mozilla/5.0 (Linux; Android 7.0; SM-N920C) AppleWebKit/537.36 (KHTML, like Gecko) Chrome/71.0.3578.99 Mobile Safari/537.36" "-" "fr"
2.177.236.124 - - [26/Jan/2023:20:28:42 +0330] "GET /image/59054/productModel/200x200 HTTP/1.1" 200 6408 "https://www.example.com" "Mozilla/5.0 (Linux; Android 7.0; SM-N920C) AppleWebKit/537.36 (KHTML, like Gecko) Chrome/71.0.3578.99 Mobile Safari/537.36" "-" "fr"
91.99.55.165 - - [26/Jan/2023:20:28:42 +0330] "GET /amp-helper-frame.html?appId=a624a1c1-0c93-466a-a546-e146710f97e6&parentOrigin=https://www.zanbil.ir HTTP/1.1" 200 133 "https://www.example.com" "Mozilla/5.0 (Linux; Android 8.0.0; SM-G930F) AppleWebKit/537.36 (KHTML, like Gecko) Chrome/71.0.3578.99 Mobile Safari/537.36" "-" "fr"
91.99.55.165 - - [26/Jan/2023:20:28:42 +0330] "GET /image/135/brand HTTP/1.1" 200 2631 "https://www.example.com" "Mozilla/5.0 (Linux; Android 8.0.0; SM-G930F) AppleWebKit/537.36 (KHTML, like Gecko) Chrome/71.0.3578.99 Mobile Safari/537.36" "-" "fr"
91.99.55.165 - - [26/Jan/2023:20:28:42 +0330] "GET /image/399/brand HTTP/1.1" 200 2302 "https://www.example.com" "Mozilla/5.0 (Linux; Android 8.0.0; SM-G930F) AppleWebKit/537.36 (KHTML, like Gecko) Chrome/71.0.3578.99 Mobile Safari/537.36" "-" "fr"
91.99.55.165 - - [26/Jan/2023:20:28:42 +0330] "GET /image/148/brand HTTP/1.1" 200 2490 "https://www.example.com" "Mozilla/5.0 (Linux; Android 8.0.0; SM-G930F) AppleWebKit/537.36 (KHTML, like Gecko) Chrome/71.0.3578.99 Mobile Safari/537.36" "-" "fr"
91.99.55.165 - - [26/Jan/2023:20:28:42 +0330] "GET /image/421/productTypeType HTTP/1.1" 200 11551 "https://www.example.com" "Mozilla/5.0 (Linux; Android 8.0.0; SM-G930F) AppleWebKit/537.36 (KHTML, like Gecko) Chrome/71.0.3578.99 Mobile Safari/537.36" "-" "fr"
91.99.55.165 - - [26/Jan/2023:20:28:42 +0330] "GET /image/424/productTypeType HTTP/1.1" 200 11369 "https://www.example.com" "Mozilla/5.0 (Linux; Android 8.0.0; SM-G930F) AppleWebKit/537.36 (KHTML, like Gecko) Chrome/71.0.3578.99 Mobile Safari/537.36" "-" "fr"
91.99.55.165 - - [26/Jan/2023:20:28:43 +0330] "GET /image/56824/productModel/200x200 HTTP/1.1" 200 3422 "https://www.example.com" "Mozilla/5.0 (Linux; Android 8.0.0; SM-G930F) AppleWebKit/537.36 (KHTML, like Gecko) Chrome/71.0.3578.99 Mobile Safari/537.36" "-" "fr"
66.249.66.194 - - [26/Jan/2023:20:28:43 +0330] "GET /m/browse/laptop/%D9%84%D9%BE-%D8%AA%D8%A7%D9%BE HTTP/1.1" 200 19063 "-" "Mozilla/5.0 (Linux; Android 6.0.1; Nexus 5X Build/MMB29P) AppleWebKit/537.36 (KHTML, like Gecko) Chrome/41.0.2272.96 Mobile Safari/537.36 (compatible; Googlebot/2.1; +http://www.google.com/bot.html)" "-" "en"
91.99.55.165 - - [26/Jan/2023:20:28:43 +0330] "GET /image/56896/productModel/200x200 HTTP/1.1" 200 2872 "https://www.example.com" "Mozilla/5.0 (Linux; Android 8.0.0; SM-G930F) AppleWebKit/537.36 (KHTML, like Gecko) Chrome/71.0.3578.99 Mobile Safari/537.36" "-" "fr"
91.99.55.165 - - [26/Jan/2023:20:28:43 +0330] "GET /image/983/mainSlideMobile HTTP/1.1" 200 67261 "https://www.example.com" "Mozilla/5.0 (Linux; Android 8.0.0; SM-G930F) AppleWebKit/537.36 (KHTML, like Gecko) Chrome/71.0.3578.99 Mobile Safari/537.36" "-" "fr"
5.125.216.51 - - [26/Jan/2023:20:28:43 +0330] "GET /static/css/font/wyekan/font.ttf HTTP/1.1" 200 27459 "https://www.example.com" "Mozilla/5.0 (Android 5.1.1; Mobile; rv:64.0) Gecko/64.0 Firefox/64.0" "-" "en"
151.239.2.90 - - [26/Jan/2023:20:28:43 +0330] "GET /site/searchAutoComplete?f=p0&phrase=%D8%AA%D9%82%D9%88%DB%8C%D9%85 HTTP/1.1" 200 0 "https://www.example.com" "Mozilla/5.0 (Windows NT 10.0; Win64; x64; rv:64.0) Gecko/20100101 Firefox/64.0" "-" "en"
66.249.66.91 - - [26/Jan/2023:20:28:43 +0330] "GET /static/images/amp/blog.png HTTP/1.1" 304 0 "-" "Googlebot-Image/1.0" "-" "en"
5.216.172.90 - - [26/Jan/2023:20:28:43 +0330] "GET /settings/logo HTTP/1.1" 200 4120 "https://www.example.com" "Mozilla/5.0 (Linux; Android 8.0.0; SM-A720F) AppleWebKit/537.36 (KHTML, like Gecko) Chrome/71.0.3578.99 Mobile Safari/537.36" "-" "fr"
5.216.172.90 - - [26/Jan/2023:20:28:43 +0330] "GET /image/7/productType/240x180 HTTP/1.1" 200 12590 "https://www.example.com" "Mozilla/5.0 (Linux; Android 8.0.0; SM-A720F) AppleWebKit/537.36 (KHTML, like Gecko) Chrome/71.0.3578.99 Mobile Safari/537.36" "-" "fr"
91.99.55.165 - - [26/Jan/2023:20:28:43 +0330] "GET /favicon.ico HTTP/1.1" 200 0 "https://www.example.com" "Mozilla/5.0 (Linux; Android 8.0.0; SM-G930F) AppleWebKit/537.36 (KHTML, like Gecko) Chrome/71.0.3578.99 Mobile Safari/537.36" "-" "fr"
91.99.55.165 - - [26/Jan/2023:20:28:43 +0330] "GET /image/231/brand HTTP/1.1" 200 2568 "https://www.example.com" "Mozilla/5.0 (Linux; Android 8.0.0; SM-G930F) AppleWebKit/537.36 (KHTML, like Gecko) Chrome/71.0.3578.99 Mobile Safari/537.36" "-" "fr"
91.99.55.165 - - [26/Jan/2023:20:28:43 +0330] "GET /image/219/brand HTTP/1.1" 200 2206 "https://www.example.com" "Mozilla/5.0 (Linux; Android 8.0.0; SM-G930F) AppleWebKit/537.36 (KHTML, like Gecko) Chrome/71.0.3578.99 Mobile Safari/537.36" "-" "fr"
94.24.86.11 - - [26/Jan/2023:20:28:43 +0330] "GET /image/34288?name=galaxy-j4-black-1.jpg&wh=200x200 HTTP/1.1" 200 4401 "https://www.example.com" "Mozilla/5.0 (Linux; U; Android 4.2.1; fa-ir; HUAWEI G610-U20 Build/HuaweiG610-U20) AppleWebKit/534.30 (KHTML, like Gecko) Version/4.0 Mobile Safari/534.30" "-" "en"
91.99.55.165 - - [26/Jan/2023:20:28:43 +0330] "GET /image/168/brand HTTP/1.1" 200 2398 "https://www.example.com" "Mozilla/5.0 (Linux; Android 8.0.0; SM-G930F) AppleWebKit/537.36 (KHTML, like Gecko) Chrome/71.0.3578.99 Mobile Safari/537.36" "-" "fr"
91.99.55.165 - - [26/Jan/2023:20:28:43 +0330] "GET /image/423/productTypeType HTTP/1.1" 200 11263 "https://www.example.com" "Mozilla/5.0 (Linux; Android 8.0.0; SM-G930F) AppleWebKit/537.36 (KHTML, like Gecko) Chrome/71.0.3578.99 Mobile Safari/537.36" "-" "fr"
66.249.66.91 - - [26/Jan/2023:20:28:43 +0330] "GET /image/24086/productType/240x180 HTTP/1.1" 200 62269 "-" "Googlebot-Image/1.0" "-" "en"
91.99.55.165 - - [26/Jan/2023:20:28:43 +0330] "GET /image/422/productTypeType HTTP/1.1" 200 11276 "https://www.example.com" "Mozilla/5.0 (Linux; Android 8.0.0; SM-G930F) AppleWebKit/537.36 (KHTML, like Gecko) Chrome/71.0.3578.99 Mobile Safari/537.36" "-" "fr"
94.24.86.11 - - [26/Jan/2023:20:28:43 +0330] "GET /image/33968?name=6p-m1.jpg&wh=200x200 HTTP/1.1" 200 5852 "https://www.example.com" "Mozilla/5.0 (Linux; U; Android 4.2.1; fa-ir; HUAWEI G610-U20 Build/HuaweiG610-U20) AppleWebKit/534.30 (KHTML, like Gecko) Version/4.0 Mobile Safari/534.30" "-" "en"
83.120.164.198 - - [26/Jan/2023:20:28:43 +0330] "GET /static/images/amp/instagram.png HTTP/1.1" 200 7146 "https://www.example.com" "Mozilla/5.0 (Linux; Android 7.0; SM-N920C) AppleWebKit/537.36 (KHTML, like Gecko) Chrome/71.0.3578.99 Mobile Safari/537.36" "-" "fr"
83.120.164.198 - - [26/Jan/2023:20:28:43 +0330] "GET /static/images/amp/telegram.png HTTP/1.1" 200 4859 "https://www.example.com" "Mozilla/5.0 (Linux; Android 7.0; SM-N920C) AppleWebKit/537.36 (KHTML, like Gecko) Chrome/71.0.3578.99 Mobile Safari/537.36" "-" "fr"
83.120.164.198 - - [26/Jan/2023:20:28:43 +0330] "GET /static/images/amp/blog.png HTTP/1.1" 200 3863 "https://www.example.com" "Mozilla/5.0 (Linux; Android 7.0; SM-N920C) AppleWebKit/537.36 (KHTML, like Gecko) Chrome/71.0.3578.99 Mobile Safari/537.36" "-" "fr"
5.216.172.90 - - [26/Jan/2023:20:28:43 +0330] "GET /image/3/productType/240x180 HTTP/1.1" 200 11347 "https://www.example.com" "Mozilla/5.0 (Linux; Android 8.0.0; SM-A720F) AppleWebKit/537.36 (KHTML, like Gecko) Chrome/71.0.3578.99 Mobile Safari/537.36" "-" "fr"
5.216.172.90 - - [26/Jan/2023:20:28:43 +0330] "GET /image/5/productType/240x180 HTTP/1.1" 200 11487 "https://www.example.com" "Mozilla/5.0 (Linux; Android 8.0.0; SM-A720F) AppleWebKit/537.36 (KHTML, like Gecko) Chrome/71.0.3578.99 Mobile Safari/537.36" "-" "fr"
5.216.172.90 - - [26/Jan/2023:20:28:43 +0330] "GET /image/4/productType/240x180 HTTP/1.1" 200 10857 "https://www.example.com" "Mozilla/5.0 (Linux; Android 8.0.0; SM-A720F) AppleWebKit/537.36 (KHTML, like Gecko) Chrome/71.0.3578.99 Mobile Safari/537.36" "-" "fr"
5.216.172.90 - - [26/Jan/2023:20:28:43 +0330] "GET /image/6/productType/240x180 HTTP/1.1" 200 9916 "https://www.example.com" "Mozilla/5.0 (Linux; Android 8.0.0; SM-A720F) AppleWebKit/537.36 (KHTML, like Gecko) Chrome/71.0.3578.99 Mobile Safari/537.36" "-" "fr"
66.249.66.91 - - [26/Jan/2023:20:28:43 +0330] "GET /image/59735/productModel/200x200 HTTP/1.1" 200 4672 "-" "Googlebot-Image/1.0" "-" "en"
89.42.185.243 - - [26/Jan/2023:20:28:43 +0330] "GET /image/34185?name=mfp-m130a-1.jpg&wh=200x200 HTTP/1.1" 200 5395 "https://www.example.com" "Mozilla/5.0 (Linux; Android 6.0.1; SM-A500H) AppleWebKit/537.36 (KHTML, like Gecko) Chrome/71.0.3578.99 Mobile Safari/537.36" "-" "fr"
89.42.185.243 - - [26/Jan/2023:20:28:43 +0330] "GET /image/3432?name=c03346451_1750x1285.jpg&wh=200x200 HTTP/1.1" 200 6174 "https://www.example.com" "Mozilla/5.0 (Linux; Android 6.0.1; SM-A500H) AppleWebKit/537.36 (KHTML, like Gecko) Chrome/71.0.3578.99 Mobile Safari/537.36" "-" "fr"
66.249.66.91 - - [26/Jan/2023:20:28:44 +0330] "GET /image/44859/productModel/150x150 HTTP/1.1" 200 3049 "-" "Googlebot-Image/1.0" "-" "en"
2.185.171.213 - - [26/Jan/2023:20:28:44 +0330] "GET /m/product/2287/%DA%A9%D8%A8%D8%A7%D8%A8-%D9%BE%D8%B2-%D8%A8%D8%B1%D9%82%DB%8C-%D9%BE%D8%A7%D8%B1%D8%B3-%D8%AE%D8%B2%D8%B1-%D9%85%D8%AF%D9%84-BBQ2000V HTTP/1.1" 200 20163 "https://www.example.com" "Mozilla/5.0 (Linux; Android 7.0; SM-A720F) AppleWebKit/537.36 (KHTML, like Gecko) Chrome/70.0.3538.110 Mobile Safari/537.36" "-" "fr"
66.249.66.91 - - [26/Jan/2023:20:28:44 +0330] "GET /static/images/amp/telegram.png HTTP/1.1" 304 0 "-" "Googlebot-Image/1.0" "-" "en"
2.177.236.124 - - [26/Jan/2023:20:28:44 +0330] "GET /image/59025/productModel/200x200 HTTP/1.1" 200 3357 "https://www.example.com" "Mozilla/5.0 (Linux; Android 7.0; SM-N920C) AppleWebKit/537.36 (KHTML, like Gecko) Chrome/71.0.3578.99 Mobile Safari/537.36" "-" "fr"
2.177.236.124 - - [26/Jan/2023:20:28:44 +0330] "GET /image/59043/productModel/200x200 HTTP/1.1" 200 3083 "https://www.example.com" "Mozilla/5.0 (Linux; Android 7.0; SM-N920C) AppleWebKit/537.36 (KHTML, like Gecko) Chrome/71.0.3578.99 Mobile Safari/537.36" "-" "fr"
31.184.135.124 - - [26/Jan/2023:20:28:44 +0330] "GET /filter/b583,b226 HTTP/1.1" 200 35864 "https://www.example.com" "Mozilla/5.0 (compatible; Parsijoobot; +http://www.parsijoo.ir/bot.html; crawler@parsijoo.ir)" "-" "en"
5.216.172.90 - - [26/Jan/2023:20:28:44 +0330] "GET /favicon.ico HTTP/1.1" 200 0 "https://www.example.com" "Mozilla/5.0 (Linux; Android 8.0.0; SM-A720F) AppleWebKit/537.36 (KHTML, like Gecko) Chrome/71.0.3578.99 Mobile Safari/537.36" "-" "fr"
51.15.224.252 - - [26/Jan/2023:20:28:44 +0330] "GET /basket/add/4158?mobile=1&addedValues= HTTP/1.1" 302 0 "https://www.example.com" "Mozilla/5.0 (Linux; Android 6.0.1; SM-G532F) AppleWebKit/537.36 (KHTML, like Gecko) Chrome/71.0.3578.99 Mobile Safari/537.36" "-" "fr"
5.117.0.221 - - [26/Jan/2023:20:28:44 +0330] "GET /m/browse/microwave-oven HTTP/1.1" 200 19421 "https://www.example.com" "Mozilla/5.0 (Linux; Android 6.0; Lenovo TB3-850M) AppleWebKit/537.36 (KHTML, like Gecko) Chrome/71.0.3578.99 Safari/537.36" "-" "fr"
5.120.73.255 - - [26/Jan/2023:20:28:44 +0330] "GET /m/search/%D8%A8%D8%AE%D8%A7%D8%B1%DB%8C-%D8%A8%D8%B1%D9%82%DB%8C HTTP/1.1" 200 16942 "https://www.example.com" "Mozilla/5.0 (iPhone; CPU iPhone OS 11_4_1 like Mac OS X) AppleWebKit/605.1.15 (KHTML, like Gecko) Version/11.0 Mobile/15E148 Safari/604.1" "-" "ko"
2.185.171.213 - - [26/Jan/2023:20:28:44 +0330] "GET /static/images/guarantees/fastDelivery.png HTTP/1.1" 200 7713 "https://www.example.com" "Mozilla/5.0 (Linux; Android 7.0; SM-A720F) AppleWebKit/537.36 (KHTML, like Gecko) Chrome/70.0.3538.110 Mobile Safari/537.36" "-" "fr"
2.185.171.213 - - [26/Jan/2023:20:28:44 +0330] "GET /static/images/guarantees/support.png HTTP/1.1" 200 6454 "https://www.example.com" "Mozilla/5.0 (Linux; Android 7.0; SM-A720F) AppleWebKit/537.36 (KHTML, like Gecko) Chrome/70.0.3538.110 Mobile Safari/537.36" "-" "fr"
2.185.171.213 - - [26/Jan/2023:20:28:44 +0330] "GET /static/images/guarantees/bestPrice.png HTTP/1.1" 200 7356 "https://www.example.com" "Mozilla/5.0 (Linux; Android 7.0; SM-A720F) AppleWebKit/537.36 (KHTML, like Gecko) Chrome/70.0.3538.110 Mobile Safari/537.36" "-" "fr"
2.185.171.213 - - [26/Jan/2023:20:28:44 +0330] "GET /static/images/guarantees/warranty.png HTTP/1.1" 200 5807 "https://www.example.com" "Mozilla/5.0 (Linux; Android 7.0; SM-A720F) AppleWebKit/537.36 (KHTML, like Gecko) Chrome/70.0.3538.110 Mobile Safari/537.36" "-" "fr"
2.185.171.213 - - [26/Jan/2023:20:28:44 +0330] "GET /static/images/guarantees/goodShopping.png HTTP/1.1" 200 6496 "https://www.example.com" "Mozilla/5.0 (Linux; Android 7.0; SM-A720F) AppleWebKit/537.36 (KHTML, like Gecko) Chrome/70.0.3538.110 Mobile Safari/537.36" "-" "fr"
2.185.171.213 - - [26/Jan/2023:20:28:44 +0330] "GET /static/css/font/wyekan/font.woff HTTP/1.1" 200 28536 "https://www.example.com" "Mozilla/5.0 (Linux; Android 7.0; SM-A720F) AppleWebKit/537.36 (KHTML, like Gecko) Chrome/70.0.3538.110 Mobile Safari/537.36" "-" "fr"
5.120.73.255 - - [26/Jan/2023:20:28:44 +0330] "GET /settings/logo HTTP/1.1" 200 4120 "https://www.example.com" "Mozilla/5.0 (iPhone; CPU iPhone OS 11_4_1 like Mac OS X) AppleWebKit/605.1.15 (KHTML, like Gecko) Version/11.0 Mobile/15E148 Safari/604.1" "-" "ko"
5.120.73.255 - - [26/Jan/2023:20:28:44 +0330] "GET /static/images/amp/instagram.png HTTP/1.1" 200 7146 "https://www.example.com" "Mozilla/5.0 (iPhone; CPU iPhone OS 11_4_1 like Mac OS X) AppleWebKit/605.1.15 (KHTML, like Gecko) Version/11.0 Mobile/15E148 Safari/604.1" "-" "ko"
5.120.73.255 - - [26/Jan/2023:20:28:45 +0330] "GET /static/images/amp/third-party/footer-mobile.png HTTP/1.1" 200 62894 "https://www.example.com" "Mozilla/5.0 (iPhone; CPU iPhone OS 11_4_1 like Mac OS X) AppleWebKit/605.1.15 (KHTML, like Gecko) Version/11.0 Mobile/15E148 Safari/604.1" "-" "ko"
5.120.73.255 - - [26/Jan/2023:20:28:45 +0330] "GET /static/images/amp/blog.png HTTP/1.1" 200 3863 "https://www.example.com" "Mozilla/5.0 (iPhone; CPU iPhone OS 11_4_1 like Mac OS X) AppleWebKit/605.1.15 (KHTML, like Gecko) Version/11.0 Mobile/15E148 Safari/604.1" "-" "ko"
5.120.73.255 - - [26/Jan/2023:20:28:45 +0330] "GET /static/images/amp/telegram.png HTTP/1.1" 200 4859 "https://www.example.com" "Mozilla/5.0 (iPhone; CPU iPhone OS 11_4_1 like Mac OS X) AppleWebKit/605.1.15 (KHTML, like Gecko) Version/11.0 Mobile/15E148 Safari/604.1" "-" "ko"
66.249.66.194 - - [26/Jan/2023:20:28:45 +0330] "GET /m/filter/b1,p65 HTTP/1.1" 200 19285 "-" "Mozilla/5.0 (Linux; Android 6.0.1; Nexus 5X Build/MMB29P) AppleWebKit/537.36 (KHTML, like Gecko) Chrome/41.0.2272.96 Mobile Safari/537.36 (compatible; Googlebot/2.1; +http://www.google.com/bot.html)" "-" "en"
2.177.236.124 - - [26/Jan/2023:20:28:45 +0330] "GET /image/59468/productModel/200x200 HTTP/1.1" 200 3289 "https://www.example.com" "Mozilla/5.0 (Linux; Android 7.0; SM-N920C) AppleWebKit/537.36 (KHTML, like Gecko) Chrome/71.0.3578.99 Mobile Safari/537.36" "-" "fr"
151.239.2.90 - - [26/Jan/2023:20:28:45 +0330] "GET /site/prepareSearch?f=p0&phrase=%D8%AA%D9%82%D9%88%DB%8C%D9%85 HTTP/1.1" 302 0 "https://www.example.com" "Mozilla/5.0 (Windows NT 10.0; Win64; x64; rv:64.0) Gecko/20100101 Firefox/64.0" "-" "en"
2.177.236.124 - - [26/Jan/2023:20:28:45 +0330] "GET /image/59060/productModel/200x200 HTTP/1.1" 200 6408 "https://www.example.com" "Mozilla/5.0 (Linux; Android 7.0; SM-N920C) AppleWebKit/537.36 (KHTML, like Gecko) Chrome/71.0.3578.99 Mobile Safari/537.36" "-" "fr"
66.249.66.194 - - [26/Jan/2023:20:28:45 +0330] "GET /m/filter/b74 HTTP/1.1" 200 22048 "-" "Mozilla/5.0 (Linux; Android 6.0.1; Nexus 5X Build/MMB29P) AppleWebKit/537.36 (KHTML, like Gecko) Chrome/41.0.2272.96 Mobile Safari/537.36 (compatible; Googlebot/2.1; +http://www.google.com/bot.html)" "-" "jp"
80.250.193.6 - - [26/Jan/2023:20:28:45 +0330] "GET /amp-helper-frame.html?appId=a624a1c1-0c93-466a-a546-e146710f97e6&parentOrigin=https://www.zanbil.ir HTTP/1.1" 200 133 "https://www.example.com" "Mozilla/5.0 (Android 8.0.0; Mobile; rv:49.0) Gecko/49.0 Firefox/49.0" "-" "en"
86.55.30.2 - - [26/Jan/2023:20:28:45 +0330] "GET / HTTP/1.1" 302 0 "-" "Mozilla/5.0 (Linux; Android 5.1.1; SAMSUNG SM-J500H Build/LMY48B) AppleWebKit/537.36 (KHTML, like Gecko) SamsungBrowser/3.3 Chrome/38.0.2125.102 Mobile Safari/537.36" "-" "fr"
66.249.66.194 - - [26/Jan/2023:20:28:45 +0330] "GET /m/filter/b443,b714,b742,p22059,stnot-exists HTTP/1.1" 200 16922 "-" "Mozilla/5.0 (Linux; Android 6.0.1; Nexus 5X Build/MMB29P) AppleWebKit/537.36 (KHTML, like Gecko) Chrome/41.0.2272.96 Mobile Safari/537.36 (compatible; Googlebot/2.1; +http://www.google.com/bot.html)" "-" "en"
5.117.61.225 - - [26/Jan/2023:20:28:45 +0330] "GET /image/34173?name=i-sensys-mf232w-1.jpg&wh=200x200 HTTP/1.1" 200 5103 "-" "Dalvik/2.1.0 (Linux; U; Android 5.1.1; KIW-L21 Build/HONORKIW-L21)" "-" "en"
103.119.24.113 - - [26/Jan/2023:20:28:45 +0330] "GET /settings/logo HTTP/1.1" 200 4120 "https://www.example.com" "Mozilla/5.0 (Windows NT 10.0; Win64; x64) AppleWebKit/537.36 (KHTML, like Gecko) Chrome/71.0.3578.98 Safari/537.36" "-" "fr"
5.121.72.19 - - [26/Jan/2023:20:28:45 +0330] "GET /image/29306?name=359186.jpg&wh=200x200 HTTP/1.1" 200 7222 "-" "Mozilla/5.0 (Windows NT 6.1; Win64; x64; rv:64.0) Gecko/20100101 Firefox/64.0" "-" "en"
5.117.0.221 - - [26/Jan/2023:20:28:45 +0330] "GET /settings/logo HTTP/1.1" 200 4120 "https://www.example.com" "Mozilla/5.0 (Linux; Android 6.0; Lenovo TB3-850M) AppleWebKit/537.36 (KHTML, like Gecko) Chrome/71.0.3578.99 Safari/537.36" "-" "fr"
66.249.66.91 - - [26/Jan/2023:20:28:45 +0330] "GET /filter/b481%2Cb67%2Cb226%2Cb570%2Cb598%2Cstexists%2Cb270%2Cb99%2Cb152%2Cb249%2Cb20%2Cb701%2Cb723%2Cb879%2Cb198%2Cb35%2Cb548%2Cb88%2Cb1%2Cb523%2Cb900%2Cb192%2Cb703%2Cb236%2Cb400%2Cb651%2Cb202%2Cb647%2Cb4%2Cb22%2Cb613%2Cb217%2Cb216%2Cb63%2Cb882%2Cb218%2Cb221%2Cb43%2Cb610%2Cb203%2Cb5%2Cb231%2Cb215%2Cb220%2Cb656%2Cb614%2Cb573%2Cb42%2Cb890%2Cb135%2Cb2%2Cb258%2Cb183%2Cb546%2Cb277%2Cb903%2Cb3%2Cb105%2Cb82%2Cb880%2Cb256%2Cb41%2Cb435%2Cb874%2Cb80%2Cb603%2Cb74%2Cb19%2Cb6?page=96 HTTP/1.1" 200 31801 "-" "Mozilla/5.0 (compatible; Googlebot/2.1; +http://www.google.com/bot.html)" "-" "en"
103.119.24.113 - - [26/Jan/2023:20:28:45 +0330] "GET /image/2/productTypeMenu HTTP/1.1" 200 11 "https://www.example.com" "Mozilla/5.0 (Windows NT 10.0; Win64; x64) AppleWebKit/537.36 (KHTML, like Gecko) Chrome/71.0.3578.98 Safari/537.36" "-" "fr"
103.119.24.113 - - [26/Jan/2023:20:28:45 +0330] "GET /image/32553/productTypeMenu HTTP/1.1" 200 11 "https://www.example.com" "Mozilla/5.0 (Windows NT 10.0; Win64; x64) AppleWebKit/537.36 (KHTML, like Gecko) Chrome/71.0.3578.98 Safari/537.36" "-" "fr"
103.119.24.113 - - [26/Jan/2023:20:28:45 +0330] "GET /image/55/productTypeMenu HTTP/1.1" 200 11 "https://www.example.com" "Mozilla/5.0 (Windows NT 10.0; Win64; x64) AppleWebKit/537.36 (KHTML, like Gecko) Chrome/71.0.3578.98 Safari/537.36" "-" "fr"
151.239.2.90 - - [26/Jan/2023:20:28:45 +0330] "GET /search/%D8%AA%D9%82%D9%88%DB%8C%D9%85/p0 HTTP/1.1" 404 32397 "https://www.example.com" "Mozilla/5.0 (Windows NT 10.0; Win64; x64; rv:64.0) Gecko/20100101 Firefox/64.0" "-" "en"
103.119.24.113 - - [26/Jan/2023:20:28:45 +0330] "GET /image/13794/productTypeMenu HTTP/1.1" 200 11 "https://www.example.com" "Mozilla/5.0 (Windows NT 10.0; Win64; x64) AppleWebKit/537.36 (KHTML, like Gecko) Chrome/71.0.3578.98 Safari/537.36" "-" "fr"
103.119.24.113 - - [26/Jan/2023:20:28:45 +0330] "GET /image/46/productTypeMenu HTTP/1.1" 200 11 "https://www.example.com" "Mozilla/5.0 (Windows NT 10.0; Win64; x64) AppleWebKit/537.36 (KHTML, like Gecko) Chrome/71.0.3578.98 Safari/537.36" "-" "fr"
2.185.171.213 - - [26/Jan/2023:20:28:45 +0330] "GET /settings/logo HTTP/1.1" 200 4120 "https://www.example.com" "Mozilla/5.0 (Linux; Android 7.0; SM-A720F) AppleWebKit/537.36 (KHTML, like Gecko) Chrome/70.0.3538.110 Mobile Safari/537.36" "-" "fr"
66.249.66.91 - - [26/Jan/2023:20:28:46 +0330] "GET /static/css/font/wyekan/font.woff HTTP/1.1" 304 0 "-" "Mozilla/5.0 (Linux; Android 6.0.1; Nexus 5X Build/MMB29P) AppleWebKit/537.36 (KHTML, like Gecko) Chrome/41.0.2272.96 Mobile Safari/537.36 (compatible; Googlebot/2.1; +http://www.google.com/bot.html)" "-" "en"
89.199.147.221 - - [26/Jan/2023:20:28:46 +0330] "GET /m/filter/b143%2Cp49 HTTP/1.1" 200 18482 "https://www.example.com" "Mozilla/5.0 (iPhone; CPU iPhone OS 11_3 like Mac OS X) AppleWebKit/605.1.15 (KHTML, like Gecko) Version/11.0 Mobile/15E148 Safari/604.1" "-" "ko"
151.239.2.90 - - [26/Jan/2023:20:28:46 +0330] "GET /static/images/third-party/footer.png HTTP/1.1" 499 0 "https://www.example.com" "Mozilla/5.0 (Windows NT 10.0; Win64; x64; rv:64.0) Gecko/20100101 Firefox/64.0" "-" "en"
151.239.2.90 - - [26/Jan/2023:20:28:46 +0330] "GET /settings/logo HTTP/1.1" 200 4120 "https://www.example.com" "Mozilla/5.0 (Windows NT 10.0; Win64; x64; rv:64.0) Gecko/20100101 Firefox/64.0" "-" "en"
2.185.171.213 - - [26/Jan/2023:20:28:46 +0330] "GET /amp-helper-frame.html?appId=a624a1c1-0c93-466a-a546-e146710f97e6&parentOrigin=https://www.zanbil.ir HTTP/1.1" 200 133 "https://www.example.com" "Mozilla/5.0 (Linux; Android 7.0; SM-A720F) AppleWebKit/537.36 (KHTML, like Gecko) Chrome/70.0.3538.110 Mobile Safari/537.36" "-" "fr"
2.185.171.213 - - [26/Jan/2023:20:28:46 +0330] "GET /image/34/productType/120x90 HTTP/1.1" 200 12705 "https://www.example.com" "Mozilla/5.0 (Linux; Android 7.0; SM-A720F) AppleWebKit/537.36 (KHTML, like Gecko) Chrome/70.0.3538.110 Mobile Safari/537.36" "-" "fr"
2.185.171.213 - - [26/Jan/2023:20:28:46 +0330] "GET /image/1237/productType/120x90 HTTP/1.1" 200 13363 "https://www.example.com" "Mozilla/5.0 (Linux; Android 7.0; SM-A720F) AppleWebKit/537.36 (KHTML, like Gecko) Chrome/70.0.3538.110 Mobile Safari/537.36" "-" "fr"
2.185.171.213 - - [26/Jan/2023:20:28:46 +0330] "GET /image/2287?name=1004_63198315273035245747_l.jpg&wh=max HTTP/1.1" 200 16949 "https://www.example.com" "Mozilla/5.0 (Linux; Android 7.0; SM-A720F) AppleWebKit/537.36 (KHTML, like Gecko) Chrome/70.0.3538.110 Mobile Safari/537.36" "-" "fr"
103.119.24.113 - - [26/Jan/2023:20:28:46 +0330] "GET /image/17/productTypeMenu HTTP/1.1" 200 11 "https://www.example.com" "Mozilla/5.0 (Windows NT 10.0; Win64; x64) AppleWebKit/537.36 (KHTML, like Gecko) Chrome/71.0.3578.98 Safari/537.36" "-" "fr"
103.119.24.113 - - [26/Jan/2023:20:28:46 +0330] "GET /image/8/productTypeMenu HTTP/1.1" 200 11 "https://www.example.com" "Mozilla/5.0 (Windows NT 10.0; Win64; x64) AppleWebKit/537.36 (KHTML, like Gecko) Chrome/71.0.3578.98 Safari/537.36" "-" "fr"
51.15.224.252 - - [26/Jan/2023:20:28:46 +0330] "GET /basket/view HTTP/1.1" 200 16150 "https://www.example.com" "Mozilla/5.0 (Linux; Android 6.0.1; SM-G532F) AppleWebKit/537.36 (KHTML, like Gecko) Chrome/71.0.3578.99 Mobile Safari/537.36" "-" "fr"
5.121.72.19 - - [26/Jan/2023:20:28:46 +0330] "GET /favicon.ico HTTP/1.1" 200 0 "-" "Mozilla/5.0 (Windows NT 6.1; Win64; x64; rv:64.0) Gecko/20100101 Firefox/64.0" "-" "en"
2.185.171.213 - - [26/Jan/2023:20:28:46 +0330] "GET /favicon.ico HTTP/1.1" 200 0 "https://www.example.com" "Mozilla/5.0 (Linux; Android 7.0; SM-A720F) AppleWebKit/537.36 (KHTML, like Gecko) Chrome/70.0.3538.110 Mobile Safari/537.36" "-" "fr"
2.185.171.213 - - [26/Jan/2023:20:28:46 +0330] "GET /image/36/productType/120x90 HTTP/1.1" 200 11734 "https://www.example.com" "Mozilla/5.0 (Linux; Android 7.0; SM-A720F) AppleWebKit/537.36 (KHTML, like Gecko) Chrome/70.0.3538.110 Mobile Safari/537.36" "-" "fr"
2.185.171.213 - - [26/Jan/2023:20:28:46 +0330] "GET /image/32/productType/120x90 HTTP/1.1" 200 9726 "https://www.example.com" "Mozilla/5.0 (Linux; Android 7.0; SM-A720F) AppleWebKit/537.36 (KHTML, like Gecko) Chrome/70.0.3538.110 Mobile Safari/537.36" "-" "fr"
5.160.157.20 - - [26/Jan/2023:20:28:46 +0330] "GET /filter?f=p41&page=8 HTTP/1.1" 301 178 "-" "Mozilla/5.0 (Windows NT 5.1; rv:8.0) Gecko/20100101 Firefox/8.0" "-" "en"
