103.119.24.113 - - [26/Jan/2023:20:28:46 +0330] "GET /image/18342/productTypeMenu HTTP/1.1" 200 11 "https://www.example.com" "Mozilla/5.0 (Windows NT 10.0; Win64; x64) AppleWebKit/537.36 (KHTML, like Gecko) Chrome/71.0.3578.98 Safari/537.36" "-" "fr"
89.199.147.221 - - [26/Jan/2023:20:28:46 +0330] "GET /static/images/guarantees/goodShopping.png HTTP/1.1" 200 6496 "https://www.example.com" "Mozilla/5.0 (iPhone; CPU iPhone OS 11_3 like Mac OS X) AppleWebKit/605.1.15 (KHTML, like Gecko) Version/11.0 Mobile/15E148 Safari/604.1" "-" "ko"
89.199.147.221 - - [26/Jan/2023:20:28:46 +0330] "GET /static/images/guarantees/fastDelivery.png HTTP/1.1" 200 7713 "https://www.example.com" "Mozilla/5.0 (iPhone; CPU iPhone OS 11_3 like Mac OS X) AppleWebKit/605.1.15 (KHTML, like Gecko) Version/11.0 Mobile/15E148 Safari/604.1" "-" "ko"
5.238.138.215 - - [26/Jan/2023:20:28:46 +0330] "GET /amp-helper-frame.html?appId=a624a1c1-0c93-466a-a546-e146710f97e6&parentOrigin=https://www-zanbil-ir.cdn.ampproject.org HTTP/1.1" 200 133 "https://www.example.com" "Mozilla/5.0 (Linux; Android 8.1.0; SAMSUNG SM-G610F Build/M1AJQ) AppleWebKit/537.36 (KHTML, like Gecko) SamsungBrowser/7.4 Chrome/59.0.3071.125 Mobile Safari/537.36" "-" "fr"
103.119.24.113 - - [26/Jan/2023:20:28:46 +0330] "GET /image/41/productTypeMenu HTTP/1.1" 200 11 "https://www.example.com" "Mozilla/5.0 (Windows NT 10.0; Win64; x64) AppleWebKit/537.36 (KHTML, like Gecko) Chrome/71.0.3578.98 Safari/537.36" "-" "fr"
89.199.147.221 - - [26/Jan/2023:20:28:46 +0330] "GET /static/images/guarantees/support.png HTTP/1.1" 200 6454 "https://www.example.com" "Mozilla/5.0 (iPhone; CPU iPhone OS 11_3 like Mac OS X) AppleWebKit/605.1.15 (KHTML, like Gecko) Version/11.0 Mobile/15E148 Safari/604.1" "-" "ko"
80.250.193.6 - - [26/Jan/2023:20:28:46 +0330] "GET /image/65325/productModel/200x200 HTTP/1.1" 200 5480 "https://www.example.com" "Mozilla/5.0 (Android 8.0.0; Mobile; rv:49.0) Gecko/49.0 Firefox/49.0" "-" "en"
89.199.147.221 - - [26/Jan/2023:20:28:46 +0330] "GET /static/images/guarantees/warranty.png HTTP/1.1" 200 5807 "https://www.example.com" "Mozilla/5.0 (iPhone; CPU iPhone OS 11_3 like Mac OS X) AppleWebKit/605.1.15 (KHTML, like Gecko) Version/11.0 Mobile/15E148 Safari/604.1" "-" "ko"
89.199.147.221 - - [26/Jan/2023:20:28:46 +0330] "GET /static/images/guarantees/bestPrice.png HTTP/1.1" 200 7356 "https://www.example.com" "Mozilla/5.0 (iPhone; CPU iPhone OS 11_3 like Mac OS X) AppleWebKit/605.1.15 (KHTML, like Gecko) Version/11.0 Mobile/15E148 Safari/604.1" "-" "ko"
80.250.193.6 - - [26/Jan/2023:20:28:46 +0330] "GET /image/64768/productModel/200x200 HTTP/1.1" 200 5480 "https://www.example.com" "Mozilla/5.0 (Android 8.0.0; Mobile; rv:49.0) Gecko/49.0 Firefox/49.0" "-" "en"
80.250.193.6 - - [26/Jan/2023:20:28:46 +0330] "GET /image/64216/productModel/200x200 HTTP/1.1" 200 4766 "https://www.example.com" "Mozilla/5.0 (Android 8.0.0; Mobile; rv:49.0) Gecko/49.0 Firefox/49.0" "-" "en"
80.250.193.6 - - [26/Jan/2023:20:28:46 +0330] "GET /image/65242/productModel/200x200 HTTP/1.1" 200 6138 "https://www.example.com" "Mozilla/5.0 (Android 8.0.0; Mobile; rv:49.0) Gecko/49.0 Firefox/49.0" "-" "en"
89.199.147.221 - - [26/Jan/2023:20:28:46 +0330] "GET /settings/logo HTTP/1.1" 200 4120 "https://www.example.com" "Mozilla/5.0 (iPhone; CPU iPhone OS 11_3 like Mac OS X) AppleWebKit/605.1.15 (KHTML, like Gecko) Version/11.0 Mobile/15E148 Safari/604.1" "-" "ko"
89.199.147.221 - - [26/Jan/2023:20:28:46 +0330] "GET /static/css/font/wyekan/font.woff HTTP/1.1" 200 28536 "https://www.example.com" "Mozilla/5.0 (iPhone; CPU iPhone OS 11_3 like Mac OS X) AppleWebKit/605.1.15 (KHTML, like Gecko) Version/11.0 Mobile/15E148 Safari/604.1" "-" "ko"
5.112.169.190 - - [26/Jan/2023:20:28:46 +0330] "GET /m/product/28801/57694/%DB%8C%D8%AE%DA%86%D8%A7%D9%84-%D9%81%D8%B1%DB%8C%D8%B2%D8%B1-%D8%B3%D8%A7%DB%8C%D8%AF-%D8%A8%D8%A7%DB%8C-%D8%B3%D8%A7%DB%8C%D8%AF-%D8%A7%D8%B3%D9%86%D9%88%D8%A7-%D9%85%D8%AF%D9%84-RICHO-SS-2700TI HTTP/1.1" 200 21511 "https://www.example.com" "Mozilla/5.0 (Linux; Android 7.0; SAMSUNG SM-G610F Build/NRD90M) AppleWebKit/537.36 (KHTML, like Gecko) SamsungBrowser/6.2 Chrome/56.0.2924.87 Mobile Safari/537.36" "-" "fr"
5.160.157.20 - - [26/Jan/2023:20:28:46 +0330] "GET /filter?f=p13795&page=4 HTTP/1.1" 301 178 "-" "Mozilla/5.0 (Windows NT 5.1; rv:8.0) Gecko/20100101 Firefox/8.0" "-" "en"
80.250.193.6 - - [26/Jan/2023:20:28:46 +0330] "GET /image/64762/productModel/200x200 HTTP/1.1" 200 5411 "https://www.example.com" "Mozilla/5.0 (Android 8.0.0; Mobile; rv:49.0) Gecko/49.0 Firefox/49.0" "-" "en"
80.250.193.6 - - [26/Jan/2023:20:28:46 +0330] "GET /image/43723/productModel/200x200 HTTP/1.1" 200 3415 "https://www.example.com" "Mozilla/5.0 (Android 8.0.0; Mobile; rv:49.0) Gecko/49.0 Firefox/49.0" "-" "en"
80.250.193.6 - - [26/Jan/2023:20:28:46 +0330] "GET /image/399/brand HTTP/1.1" 200 2302 "https://www.example.com" "Mozilla/5.0 (Android 8.0.0; Mobile; rv:49.0) Gecko/49.0 Firefox/49.0" "-" "en"
89.199.147.221 - - [26/Jan/2023:20:28:46 +0330] "GET /image/9076/productModel/200x200 HTTP/1.1" 200 3792 "https://www.example.com" "Mozilla/5.0 (iPhone; CPU iPhone OS 11_3 like Mac OS X) AppleWebKit/605.1.15 (KHTML, like Gecko) Version/11.0 Mobile/15E148 Safari/604.1" "-" "ko"
89.199.147.221 - - [26/Jan/2023:20:28:46 +0330] "GET /image/1746/productModel/200x200 HTTP/1.1" 200 6173 "https://www.example.com" "Mozilla/5.0 (iPhone; CPU iPhone OS 11_3 like Mac OS X) AppleWebKit/605.1.15 (KHTML, like Gecko) Version/11.0 Mobile/15E148 Safari/604.1" "-" "ko"
89.199.147.221 - - [26/Jan/2023:20:28:46 +0330] "GET /image/3857/productModel/200x200 HTTP/1.1" 200 7029 "https://www.example.com" "Mozilla/5.0 (iPhone; CPU iPhone OS 11_3 like Mac OS X) AppleWebKit/605.1.15 (KHTML, like Gecko) Version/11.0 Mobile/15E148 Safari/604.1" "-" "ko"
89.199.147.221 - - [26/Jan/2023:20:28:47 +0330] "GET /image/1458/productModel/200x200 HTTP/1.1" 200 4846 "https://www.example.com" "Mozilla/5.0 (iPhone; CPU iPhone OS 11_3 like Mac OS X) AppleWebKit/605.1.15 (KHTML, like Gecko) Version/11.0 Mobile/15E148 Safari/604.1" "-" "ko"
89.199.147.221 - - [26/Jan/2023:20:28:47 +0330] "GET /image/56101/productModel/200x200 HTTP/1.1" 200 4222 "https://www.example.com" "Mozilla/5.0 (iPhone; CPU iPhone OS 11_3 like Mac OS X) AppleWebKit/605.1.15 (KHTML, like Gecko) Version/11.0 Mobile/15E148 Safari/604.1" "-" "ko"
40.77.167.122 - - [26/Jan/2023:20:28:47 +0330] "GET /filter/b148,b619 HTTP/1.1" 200 35931 "-" "Mozilla/5.0 (compatible; bingbot/2.0; +http://www.bing.com/bingbot.htm)" "-" "en"
89.199.147.221 - - [26/Jan/2023:20:28:47 +0330] "GET /image/63027/productModel/200x200 HTTP/1.1" 200 4484 "https://www.example.com" "Mozilla/5.0 (iPhone; CPU iPhone OS 11_3 like Mac OS X) AppleWebKit/605.1.15 (KHTML, like Gecko) Version/11.0 Mobile/15E148 Safari/604.1" "-" "ko"
89.199.147.221 - - [26/Jan/2023:20:28:47 +0330] "GET /image/64478/productModel/200x200 HTTP/1.1" 200 4845 "https://www.example.com" "Mozilla/5.0 (iPhone; CPU iPhone OS 11_3 like Mac OS X) AppleWebKit/605.1.15 (KHTML, like Gecko) Version/11.0 Mobile/15E148 Safari/604.1" "-" "ko"
5.216.16.254 - - [26/Jan/2023:20:28:47 +0330] "GET /static/images/amp/third-party/footer-mobile.png HTTP/1.1" 200 62894 "https://www.example.com" "Mozilla/5.0 (iPhone; CPU iPhone OS 12_1_2 like Mac OS X) AppleWebKit/605.1.15 (KHTML, like Gecko) Version/12.0 Mobile/15E148 Safari/604.1" "-" "ko"
89.199.147.221 - - [26/Jan/2023:20:28:47 +0330] "GET /image/64480/productModel/200x200 HTTP/1.1" 200 5261 "https://www.example.com" "Mozilla/5.0 (iPhone; CPU iPhone OS 11_3 like Mac OS X) AppleWebKit/605.1.15 (KHTML, like Gecko) Version/11.0 Mobile/15E148 Safari/604.1" "-" "ko"
89.199.147.221 - - [26/Jan/2023:20:28:47 +0330] "GET /image/63/brand HTTP/1.1" 200 3013 "https://www.example.com" "Mozilla/5.0 (iPhone; CPU iPhone OS 11_3 like Mac OS X) AppleWebKit/605.1.15 (KHTML, like Gecko) Version/11.0 Mobile/15E148 Safari/604.1" "-" "ko"
89.199.147.221 - - [26/Jan/2023:20:28:47 +0330] "GET /image/143/brand HTTP/1.1" 200 2420 "https://www.example.com" "Mozilla/5.0 (iPhone; CPU iPhone OS 11_3 like Mac OS X) AppleWebKit/605.1.15 (KHTML, like Gecko) Version/11.0 Mobile/15E148 Safari/604.1" "-" "ko"
5.117.0.221 - - [26/Jan/2023:20:28:47 +0330] "GET /image/7589/productModel/200x200 HTTP/1.1" 200 4082 "https://www.example.com" "Mozilla/5.0 (Linux; Android 6.0; Lenovo TB3-850M) AppleWebKit/537.36 (KHTML, like Gecko) Chrome/71.0.3578.99 Safari/537.36" "-" "fr"
5.117.0.221 - - [26/Jan/2023:20:28:47 +0330] "GET /image/62591/productModel/200x200 HTTP/1.1" 200 4056 "https://www.example.com" "Mozilla/5.0 (Linux; Android 6.0; Lenovo TB3-850M) AppleWebKit/537.36 (KHTML, like Gecko) Chrome/71.0.3578.99 Safari/537.36" "-" "fr"
5.117.0.221 - - [26/Jan/2023:20:28:47 +0330] "GET /image/61894/productModel/200x200 HTTP/1.1" 200 3719 "https://www.example.com" "Mozilla/5.0 (Linux; Android 6.0; Lenovo TB3-850M) AppleWebKit/537.36 (KHTML, like Gecko) Chrome/71.0.3578.99 Safari/537.36" "-" "fr"
5.117.0.221 - - [26/Jan/2023:20:28:47 +0330] "GET /image/41570/productModel/200x200 HTTP/1.1" 200 4042 "https://www.example.com" "Mozilla/5.0 (Linux; Android 6.0; Lenovo TB3-850M) AppleWebKit/537.36 (KHTML, like Gecko) Chrome/71.0.3578.99 Safari/537.36" "-" "fr"
5.117.0.221 - - [26/Jan/2023:20:28:47 +0330] "GET /image/62718/productModel/200x200 HTTP/1.1" 200 4158 "https://www.example.com" "Mozilla/5.0 (Linux; Android 6.0; Lenovo TB3-850M) AppleWebKit/537.36 (KHTML, like Gecko) Chrome/71.0.3578.99 Safari/537.36" "-" "fr"
89.199.147.221 - - [26/Jan/2023:20:28:47 +0330] "GET /image/799/mainSlideMobile HTTP/1.1" 200 58819 "https://www.example.com" "Mozilla/5.0 (iPhone; CPU iPhone OS 11_3 like Mac OS X) AppleWebKit/605.1.15 (KHTML, like Gecko) Version/11.0 Mobile/15E148 Safari/604.1" "-" "ko"
80.250.193.6 - - [26/Jan/2023:20:28:47 +0330] "GET /static/images/guarantees/bestPrice.png HTTP/1.1" 200 7356 "https://www.example.com" "Mozilla/5.0 (Android 8.0.0; Mobile; rv:49.0) Gecko/49.0 Firefox/49.0" "-" "en"
5.120.63.25 - - [26/Jan/2023:20:28:47 +0330] "GET /m/filter/b151%2Cp4 HTTP/1.1" 200 18679 "https://www.example.com" "Mozilla/5.0 (Linux; Android 4.3; C5303 Build/12.1.A.1.205) AppleWebKit/537.36 (KHTML, like Gecko) Chrome/28.0.1500.94 Mobile Safari/537.36" "-" "fr"
103.119.24.113 - - [26/Jan/2023:20:28:47 +0330] "GET /image/40/productTypeMenu HTTP/1.1" 200 11 "https://www.example.com" "Mozilla/5.0 (Windows NT 10.0; Win64; x64) AppleWebKit/537.36 (KHTML, like Gecko) Chrome/71.0.3578.98 Safari/537.36" "-" "fr"
80.250.193.6 - - [26/Jan/2023:20:28:47 +0330] "GET /static/images/guarantees/support.png HTTP/1.1" 200 6454 "https://www.example.com" "Mozilla/5.0 (Android 8.0.0; Mobile; rv:49.0) Gecko/49.0 Firefox/49.0" "-" "en"
80.250.193.6 - - [26/Jan/2023:20:28:47 +0330] "GET /image/886/brand HTTP/1.1" 200 3860 "https://www.example.com" "Mozilla/5.0 (Android 8.0.0; Mobile; rv:49.0) Gecko/49.0 Firefox/49.0" "-" "en"
103.119.24.113 - - [26/Jan/2023:20:28:47 +0330] "GET /image/42/productTypeMenu HTTP/1.1" 200 11 "https://www.example.com" "Mozilla/5.0 (Windows NT 10.0; Win64; x64) AppleWebKit/537.36 (KHTML, like Gecko) Chrome/71.0.3578.98 Safari/537.36" "-" "fr"
80.250.193.6 - - [26/Jan/2023:20:28:47 +0330] "GET /image/43/brand HTTP/1.1" 200 2376 "https://www.example.com" "Mozilla/5.0 (Android 8.0.0; Mobile; rv:49.0) Gecko/49.0 Firefox/49.0" "-" "en"
80.250.193.6 - - [26/Jan/2023:20:28:47 +0330] "GET /image/7/productTypeType HTTP/1.1" 200 10878 "https://www.example.com" "Mozilla/5.0 (Android 8.0.0; Mobile; rv:49.0) Gecko/49.0 Firefox/49.0" "-" "en"
80.250.193.6 - - [26/Jan/2023:20:28:47 +0330] "GET /image/64595/productModel/200x200 HTTP/1.1" 200 7017 "https://www.example.com" "Mozilla/5.0 (Android 8.0.0; Mobile; rv:49.0) Gecko/49.0 Firefox/49.0" "-" "en"
80.250.193.6 - - [26/Jan/2023:20:28:47 +0330] "GET /image/64568/productModel/200x200 HTTP/1.1" 200 6736 "https://www.example.com" "Mozilla/5.0 (Android 8.0.0; Mobile; rv:49.0) Gecko/49.0 Firefox/49.0" "-" "en"
80.250.193.6 - - [26/Jan/2023:20:28:47 +0330] "GET /static/images/guarantees/warranty.png HTTP/1.1" 200 5807 "https://www.example.com" "Mozilla/5.0 (Android 8.0.0; Mobile; rv:49.0) Gecko/49.0 Firefox/49.0" "-" "en"
80.250.193.6 - - [26/Jan/2023:20:28:47 +0330] "GET /static/css/font/wyekan/font.woff HTTP/1.1" 200 28536 "https://www.example.com" "Mozilla/5.0 (Android 8.0.0; Mobile; rv:49.0) Gecko/49.0 Firefox/49.0" "-" "en"
5.216.172.90 - - [26/Jan/2023:20:28:47 +0330] "GET /m/browse/refrigerator-and-freezer/%DB%8C%D8%AE%DA%86%D8%A7%D9%84-%D9%81%D8%B1%DB%8C%D8%B2%D8%B1 HTTP/1.1" 200 20134 "https://www.example.com" "Mozilla/5.0 (Linux; Android 8.0.0; SM-A720F) AppleWebKit/537.36 (KHTML, like Gecko) Chrome/71.0.3578.99 Mobile Safari/537.36" "-" "fr"
151.239.2.90 - - [26/Jan/2023:20:28:47 +0330] "GET /site/alexaGooleAnalitic HTTP/1.1" 200 323 "https://www.example.com" "Mozilla/5.0 (Windows NT 10.0; Win64; x64; rv:64.0) Gecko/20100101 Firefox/64.0" "-" "en"
188.229.21.56 - - [26/Jan/2023:20:28:47 +0330] "GET /image/56387/productModel/150x150 HTTP/1.1" 200 3339 "https://www.example.com" "Mozilla/5.0 (Linux; Android 7.0; SM-N920C Build/NRD90M) AppleWebKit/537.36 (KHTML, like Gecko) Chrome/67.0.3396.87 Mobile Safari/537.36" "-" "fr"
188.229.21.56 - - [26/Jan/2023:20:28:47 +0330] "GET /image/56388/productModel/150x150 HTTP/1.1" 200 3501 "https://www.example.com" "Mozilla/5.0 (Linux; Android 7.0; SM-N920C Build/NRD90M) AppleWebKit/537.36 (KHTML, like Gecko) Chrome/67.0.3396.87 Mobile Safari/537.36" "-" "fr"
5.117.0.221 - - [26/Jan/2023:20:28:47 +0330] "GET /image/13903/productModel/200x200 HTTP/1.1" 200 3964 "https://www.example.com" "Mozilla/5.0 (Linux; Android 6.0; Lenovo TB3-850M) AppleWebKit/537.36 (KHTML, like Gecko) Chrome/71.0.3578.99 Safari/537.36" "-" "fr"
66.249.66.194 - - [26/Jan/2023:20:28:47 +0330] "GET /m/filter/b1,b105,b143,b148,b151,b152,b180,b183,b185,b188,b202,b203,b209,b216,b22,b221,b226,b231,b236,b249,b270,b3,b308,b32,b35,b36,b41,b42,b435,b441,b454,b481,b484,b5,b523,b543,b548,b570,b573,b598,b6,b614,b647,b651,b656,b701,b703,b723,b74,b795,b80,b874,b877,b879,b883,b890,b900,b903,b95,p38,stexists HTTP/1.1" 200 22151 "-" "Mozilla/5.0 (Linux; Android 6.0.1; Nexus 5X Build/MMB29P) AppleWebKit/537.36 (KHTML, like Gecko) Chrome/41.0.2272.96 Mobile Safari/537.36 (compatible; Googlebot/2.1; +http://www.google.com/bot.html)" "-" "en"
5.117.0.221 - - [26/Jan/2023:20:28:47 +0330] "GET /image/111/productTypeType HTTP/1.1" 200 11858 "https://www.example.com" "Mozilla/5.0 (Linux; Android 6.0; Lenovo TB3-850M) AppleWebKit/537.36 (KHTML, like Gecko) Chrome/71.0.3578.99 Safari/537.36" "-" "fr"
103.119.24.113 - - [26/Jan/2023:20:28:47 +0330] "GET /image/43/productTypeMenu HTTP/1.1" 200 11 "https://www.example.com" "Mozilla/5.0 (Windows NT 10.0; Win64; x64) AppleWebKit/537.36 (KHTML, like Gecko) Chrome/71.0.3578.98 Safari/537.36" "-" "fr"
5.117.0.221 - - [26/Jan/2023:20:28:47 +0330] "GET /image/61782/productModel/200x200 HTTP/1.1" 200 3808 "https://www.example.com" "Mozilla/5.0 (Linux; Android 6.0; Lenovo TB3-850M) AppleWebKit/537.36 (KHTML, like Gecko) Chrome/71.0.3578.99 Safari/537.36" "-" "fr"
80.250.193.6 - - [26/Jan/2023:20:28:47 +0330] "GET /static/images/guarantees/fastDelivery.png HTTP/1.1" 200 7713 "https://www.example.com" "Mozilla/5.0 (Android 8.0.0; Mobile; rv:49.0) Gecko/49.0 Firefox/49.0" "-" "en"
103.119.24.113 - - [26/Jan/2023:20:28:47 +0330] "GET /image/44/productTypeMenu HTTP/1.1" 200 11 "https://www.example.com" "Mozilla/5.0 (Windows NT 10.0; Win64; x64) AppleWebKit/537.36 (KHTML, like Gecko) Chrome/71.0.3578.98 Safari/537.36" "-" "fr"
80.250.193.6 - - [26/Jan/2023:20:28:47 +0330] "GET /settings/logo HTTP/1.1" 200 4120 "https://www.example.com" "Mozilla/5.0 (Android 8.0.0; Mobile; rv:49.0) Gecko/49.0 Firefox/49.0" "-" "en"
5.117.0.221 - - [26/Jan/2023:20:28:47 +0330] "GET /image/64819/productModel/200x200 HTTP/1.1" 200 5208 "https://www.example.com" "Mozilla/5.0 (Linux; Android 6.0; Lenovo TB3-850M) AppleWebKit/537.36 (KHTML, like Gecko) Chrome/71.0.3578.99 Safari/537.36" "-" "fr"
66.249.66.194 - - [26/Jan/2023:20:28:47 +0330] "GET /m/filter/b42,p6 HTTP/1.1" 200 19328 "-" "Mozilla/5.0 (Linux; Android 6.0.1; Nexus 5X Build/MMB29P) AppleWebKit/537.36 (KHTML, like Gecko) Chrome/41.0.2272.96 Mobile Safari/537.36 (compatible; Googlebot/2.1; +http://www.google.com/bot.html)" "-" "en"
80.250.193.6 - - [26/Jan/2023:20:28:47 +0330] "GET /image/974/mainSlideMobile HTTP/1.1" 200 65963 "https://www.example.com" "Mozilla/5.0 (Android 8.0.0; Mobile; rv:49.0) Gecko/49.0 Firefox/49.0" "-" "en"
80.250.193.6 - - [26/Jan/2023:20:28:47 +0330] "GET /image/4/productTypeType HTTP/1.1" 200 11319 "https://www.example.com" "Mozilla/5.0 (Android 8.0.0; Mobile; rv:49.0) Gecko/49.0 Firefox/49.0" "-" "en"
5.122.21.137 - - [26/Jan/2023:20:28:47 +0330] "GET /static/images/amp/instagram.png HTTP/1.1" 200 7146 "https://www.example.com" "Mozilla/5.0 (Linux; Android 7.0; SM-A310F Build/NRD90M) AppleWebKit/537.36 (KHTML, like Gecko) Chrome/62.0.3202.84 Mobile Safari/537.36" "-" "hi-IN"
5.122.21.137 - - [26/Jan/2023:20:28:47 +0330] "GET /static/images/amp/telegram.png HTTP/1.1" 200 4859 "https://www.example.com" "Mozilla/5.0 (Linux; Android 7.0; SM-A310F Build/NRD90M) AppleWebKit/537.36 (KHTML, like Gecko) Chrome/62.0.3202.84 Mobile Safari/537.36" "-" "hi-IN"
5.122.21.137 - - [26/Jan/2023:20:28:47 +0330] "GET /static/images/amp/blog.png HTTP/1.1" 200 3863 "https://www.example.com" "Mozilla/5.0 (Linux; Android 7.0; SM-A310F Build/NRD90M) AppleWebKit/537.36 (KHTML, like Gecko) Chrome/62.0.3202.84 Mobile Safari/537.36" "-" "fr"
5.122.21.137 - - [26/Jan/2023:20:28:47 +0330] "GET /image/29/productType/120x90 HTTP/1.1" 200 11978 "https://www.example.com" "Mozilla/5.0 (Linux; Android 7.0; SM-A310F Build/NRD90M) AppleWebKit/537.36 (KHTML, like Gecko) Chrome/62.0.3202.84 Mobile Safari/537.36" "-" "fr"
5.122.21.137 - - [26/Jan/2023:20:28:47 +0330] "GET /image/8946/productType/120x90 HTTP/1.1" 200 12203 "https://www.example.com" "Mozilla/5.0 (Linux; Android 7.0; SM-A310F Build/NRD90M) AppleWebKit/537.36 (KHTML, like Gecko) Chrome/62.0.3202.84 Mobile Safari/537.36" "-" "hi-IN"
103.119.24.113 - - [26/Jan/2023:20:28:47 +0330] "GET /image/5252/productTypeMenu HTTP/1.1" 200 11 "https://www.example.com" "Mozilla/5.0 (Windows NT 10.0; Win64; x64) AppleWebKit/537.36 (KHTML, like Gecko) Chrome/71.0.3578.98 Safari/537.36" "-" "fr"
89.34.145.228 - - [26/Jan/2023:20:28:47 +0330] "GET /image/65134/productModel/200x200 HTTP/1.1" 200 5969 "https://www.example.com" "Mozilla/5.0 (Linux; Android 8.1.0; TA-1021) AppleWebKit/537.36 (KHTML, like Gecko) Chrome/71.0.3578.99 Mobile Safari/537.36" "-" "fr"
80.250.193.6 - - [26/Jan/2023:20:28:47 +0330] "GET /image/43730/productModel/200x200 HTTP/1.1" 200 3855 "https://www.example.com" "Mozilla/5.0 (Android 8.0.0; Mobile; rv:49.0) Gecko/49.0 Firefox/49.0" "-" "en"
80.250.193.6 - - [26/Jan/2023:20:28:47 +0330] "GET /static/images/guarantees/goodShopping.png HTTP/1.1" 200 6496 "https://www.example.com" "Mozilla/5.0 (Android 8.0.0; Mobile; rv:49.0) Gecko/49.0 Firefox/49.0" "-" "en"
89.34.145.228 - - [26/Jan/2023:20:28:47 +0330] "GET /m/prepareSearch?phrase=%D8%B3%D8%A7%D9%85%D8%B3%D9%88%D9%86%DA%AF%E2%80%8C%D8%AC%DB%8C+6+ HTTP/1.1" 302 0 "https://www.example.com" "Mozilla/5.0 (Linux; Android 8.1.0; TA-1021) AppleWebKit/537.36 (KHTML, like Gecko) Chrome/71.0.3578.99 Mobile Safari/537.36" "-" "fr"
103.119.24.113 - - [26/Jan/2023:20:28:47 +0330] "GET /image/62/productTypeMenu HTTP/1.1" 200 11 "https://www.example.com" "Mozilla/5.0 (Windows NT 10.0; Win64; x64) AppleWebKit/537.36 (KHTML, like Gecko) Chrome/71.0.3578.98 Safari/537.36" "-" "fr"
5.122.21.137 - - [26/Jan/2023:20:28:47 +0330] "GET /static/images/amp/third-party/footer-mobile.png HTTP/1.1" 200 62894 "https://www.example.com" "Mozilla/5.0 (Linux; Android 7.0; SM-A310F Build/NRD90M) AppleWebKit/537.36 (KHTML, like Gecko) Chrome/62.0.3202.84 Mobile Safari/537.36" "-" "fr"
103.119.24.113 - - [26/Jan/2023:20:28:47 +0330] "GET /image/31385/productTypeMenu HTTP/1.1" 200 11 "https://www.example.com" "Mozilla/5.0 (Windows NT 10.0; Win64; x64) AppleWebKit/537.36 (KHTML, like Gecko) Chrome/71.0.3578.98 Safari/537.36" "-" "fr"
103.119.24.113 - - [26/Jan/2023:20:28:47 +0330] "GET /image/57/productTypeMenu HTTP/1.1" 200 11 "https://www.example.com" "Mozilla/5.0 (Windows NT 10.0; Win64; x64) AppleWebKit/537.36 (KHTML, like Gecko) Chrome/71.0.3578.98 Safari/537.36" "-" "fr"
80.250.193.6 - - [26/Jan/2023:20:28:47 +0330] "GET /image/63126/productModel/200x200 HTTP/1.1" 200 4636 "https://www.example.com" "Mozilla/5.0 (Android 8.0.0; Mobile; rv:49.0) Gecko/49.0 Firefox/49.0" "-" "en"
66.249.66.91 - - [26/Jan/2023:20:28:47 +0330] "GET /static/images/amp/blog.png HTTP/1.1" 304 0 "-" "Googlebot-Image/1.0" "-" "en"
5.125.216.51 - - [26/Jan/2023:20:28:47 +0330] "GET /image/978/mainSlideMobile HTTP/1.1" 200 66099 "https://www.example.com" "Mozilla/5.0 (Android 5.1.1; Mobile; rv:64.0) Gecko/64.0 Firefox/64.0" "-" "en"
5.78.175.241 - - [26/Jan/2023:20:28:48 +0330] "GET /image/31012?name=gt3-nmo-l31-2.jpg&wh=300x300 HTTP/1.1" 200 12879 "https://www.example.com" "Mozilla/5.0 (Windows NT 10.0; Win64; x64) AppleWebKit/537.36 (KHTML, like Gecko) Chrome/71.0.3578.98 Safari/537.36" "-" "fr"
5.125.216.51 - - [26/Jan/2023:20:28:48 +0330] "GET /image/99/brand HTTP/1.1" 200 2136 "https://www.example.com" "Mozilla/5.0 (Android 5.1.1; Mobile; rv:64.0) Gecko/64.0 Firefox/64.0" "-" "en"
5.114.221.98 - - [26/Jan/2023:20:28:48 +0330] "GET /amp-helper-frame.html?appId=a624a1c1-0c93-466a-a546-e146710f97e6&parentOrigin=https://www-zanbil-ir.cdn.ampproject.org HTTP/1.1" 200 133 "https://www.example.com" "Mozilla/5.0 (Linux; Android 4.4.2; H60-L04 Build/HDH60-L04) AppleWebKit/537.36 (KHTML, like Gecko) Chrome/67.0.3396.87 Mobile Safari/537.36" "-" "fr"
66.249.66.91 - - [26/Jan/2023:20:28:48 +0330] "GET /static/images/amp/telegram.png HTTP/1.1" 304 0 "-" "Googlebot-Image/1.0" "-" "en"
207.46.13.102 - - [26/Jan/2023:20:28:48 +0330] "GET /filter/b105,b126,b99,p1,stexists HTTP/1.1" 200 37497 "-" "Mozilla/5.0 (compatible; bingbot/2.0; +http://www.bing.com/bingbot.htm)" "-" "en"
5.120.63.25 - - [26/Jan/2023:20:28:48 +0330] "GET /static/images/guarantees/goodShopping.png HTTP/1.1" 304 0 "https://www.example.com" "Mozilla/5.0 (Linux; Android 4.3; C5303 Build/12.1.A.1.205) AppleWebKit/537.36 (KHTML, like Gecko) Chrome/28.0.1500.94 Mobile Safari/537.36" "-" "fr"
5.120.63.25 - - [26/Jan/2023:20:28:48 +0330] "GET /static/images/guarantees/warranty.png HTTP/1.1" 200 5807 "https://www.example.com" "Mozilla/5.0 (Linux; Android 4.3; C5303 Build/12.1.A.1.205) AppleWebKit/537.36 (KHTML, like Gecko) Chrome/28.0.1500.94 Mobile Safari/537.36" "-" "fr"
5.120.63.25 - - [26/Jan/2023:20:28:48 +0330] "GET /static/images/guarantees/support.png HTTP/1.1" 304 0 "https://www.example.com" "Mozilla/5.0 (Linux; Android 4.3; C5303 Build/12.1.A.1.205) AppleWebKit/537.36 (KHTML, like Gecko) Chrome/28.0.1500.94 Mobile Safari/537.36" "-" "fr"
5.120.63.25 - - [26/Jan/2023:20:28:48 +0330] "GET /static/images/guarantees/bestPrice.png HTTP/1.1" 200 7356 "https://www.example.com" "Mozilla/5.0 (Linux; Android 4.3; C5303 Build/12.1.A.1.205) AppleWebKit/537.36 (KHTML, like Gecko) Chrome/28.0.1500.94 Mobile Safari/537.36" "-" "fr"
5.120.63.25 - - [26/Jan/2023:20:28:48 +0330] "GET /static/images/guarantees/fastDelivery.png HTTP/1.1" 304 0 "https://www.example.com" "Mozilla/5.0 (Linux; Android 4.3; C5303 Build/12.1.A.1.205) AppleWebKit/537.36 (KHTML, like Gecko) Chrome/28.0.1500.94 Mobile Safari/537.36" "-" "fr"
151.242.106.253 - - [26/Jan/2023:20:28:48 +0330] "GET /m/browse/refrigerator-and-freezer/%DB%8C%D8%AE%DA%86%D8%A7%D9%84-%D9%81%D8%B1%DB%8C%D8%B2%D8%B1 HTTP/1.1" 200 20182 "https://www.example.com" "Mozilla/5.0 (Linux; Android 7.0; P008) AppleWebKit/537.36 (KHTML, like Gecko) Chrome/71.0.3578.99 Safari/537.36" "-" "fr"
5.112.169.190 - - [26/Jan/2023:20:28:48 +0330] "GET /settings/logo HTTP/1.1" 200 4120 "https://www.example.com" "Mozilla/5.0 (Linux; Android 7.0; SAMSUNG SM-G610F Build/NRD90M) AppleWebKit/537.36 (KHTML, like Gecko) SamsungBrowser/6.2 Chrome/56.0.2924.87 Mobile Safari/537.36" "-" "fr"
89.34.145.228 - - [26/Jan/2023:20:28:48 +0330] "GET /image/65272/productModel/200x200 HTTP/1.1" 200 4739 "https://www.example.com" "Mozilla/5.0 (Linux; Android 8.1.0; TA-1021) AppleWebKit/537.36 (KHTML, like Gecko) Chrome/71.0.3578.99 Mobile Safari/537.36" "-" "fr"
89.34.145.228 - - [26/Jan/2023:20:28:48 +0330] "GET /image/64746/productModel/200x200 HTTP/1.1" 200 4595 "https://www.example.com" "Mozilla/5.0 (Linux; Android 8.1.0; TA-1021) AppleWebKit/537.36 (KHTML, like Gecko) Chrome/71.0.3578.99 Mobile Safari/537.36" "-" "fr"
103.119.24.113 - - [26/Jan/2023:20:28:48 +0330] "GET /image/18781/productTypeMenu HTTP/1.1" 200 11 "https://www.example.com" "Mozilla/5.0 (Windows NT 10.0; Win64; x64) AppleWebKit/537.36 (KHTML, like Gecko) Chrome/71.0.3578.98 Safari/537.36" "-" "fr"
103.119.24.113 - - [26/Jan/2023:20:28:48 +0330] "GET /image/61/productTypeMenu HTTP/1.1" 200 11 "https://www.example.com" "Mozilla/5.0 (Windows NT 10.0; Win64; x64) AppleWebKit/537.36 (KHTML, like Gecko) Chrome/71.0.3578.98 Safari/537.36" "-" "fr"
5.125.216.51 - - [26/Jan/2023:20:28:48 +0330] "GET /image/893/brand HTTP/1.1" 200 3131 "https://www.example.com" "Mozilla/5.0 (Android 5.1.1; Mobile; rv:64.0) Gecko/64.0 Firefox/64.0" "-" "en"
5.119.146.27 - - [26/Jan/2023:20:28:48 +0330] "GET /image/221/article HTTP/1.1" 200 80951 "https://www.example.com" "Mozilla/5.0 (Linux; Android 4.4.4; SM-J110H Build/KTU84P) AppleWebKit/537.36 (KHTML, like Gecko) Chrome/40.0.2214.109 Mobile Safari/537.36" "-" "fr"
2.178.41.241 - - [26/Jan/2023:20:28:48 +0330] "GET /image/33968?name=6p-m1.jpg&wh=200x200 HTTP/1.1" 200 5852 "-" "Dalvik/2.1.0 (Linux; U; Android 6.0.1; SM-J500H Build/MMB29M)" "-" "en"
5.125.216.51 - - [26/Jan/2023:20:28:48 +0330] "GET /image/8785/specialSale?role=mobile HTTP/1.1" 200 16433 "https://www.example.com" "Mozilla/5.0 (Android 5.1.1; Mobile; rv:64.0) Gecko/64.0 Firefox/64.0" "-" "en"
5.216.172.90 - - [26/Jan/2023:20:28:48 +0330] "GET /image/57603/productModel/200x200 HTTP/1.1" 200 3306 "https://www.example.com" "Mozilla/5.0 (Linux; Android 8.0.0; SM-A720F) AppleWebKit/537.36 (KHTML, like Gecko) Chrome/71.0.3578.99 Mobile Safari/537.36" "-" "fr"
5.216.172.90 - - [26/Jan/2023:20:28:48 +0330] "GET /settings/logo HTTP/1.1" 200 4120 "https://www.example.com" "Mozilla/5.0 (Linux; Android 8.0.0; SM-A720F) AppleWebKit/537.36 (KHTML, like Gecko) Chrome/71.0.3578.99 Mobile Safari/537.36" "-" "fr"
5.125.216.51 - - [26/Jan/2023:20:28:48 +0330] "GET /image/877/brand HTTP/1.1" 200 3121 "https://www.example.com" "Mozilla/5.0 (Android 5.1.1; Mobile; rv:64.0) Gecko/64.0 Firefox/64.0" "-" "en"
5.125.216.51 - - [26/Jan/2023:20:28:48 +0330] "GET /image/5/productTypeType HTTP/1.1" 200 11174 "https://www.example.com" "Mozilla/5.0 (Android 5.1.1; Mobile; rv:64.0) Gecko/64.0 Firefox/64.0" "-" "en"
5.216.172.90 - - [26/Jan/2023:20:28:48 +0330] "GET /image/59830/productModel/200x200 HTTP/1.1" 200 3263 "https://www.example.com" "Mozilla/5.0 (Linux; Android 8.0.0; SM-A720F) AppleWebKit/537.36 (KHTML, like Gecko) Chrome/71.0.3578.99 Mobile Safari/537.36" "-" "jp"
5.216.172.90 - - [26/Jan/2023:20:28:48 +0330] "GET /image/62351/productModel/200x200 HTTP/1.1" 200 3775 "https://www.example.com" "Mozilla/5.0 (Linux; Android 8.0.0; SM-A720F) AppleWebKit/537.36 (KHTML, like Gecko) Chrome/71.0.3578.99 Mobile Safari/537.36" "-" "jp"
5.216.172.90 - - [26/Jan/2023:20:28:48 +0330] "GET /image/65374/productModel/200x200 HTTP/1.1" 200 3159 "https://www.example.com" "Mozilla/5.0 (Linux; Android 8.0.0; SM-A720F) AppleWebKit/537.36 (KHTML, like Gecko) Chrome/71.0.3578.99 Mobile Safari/537.36" "-" "jp"
5.216.172.90 - - [26/Jan/2023:20:28:48 +0330] "GET /image/99/brand HTTP/1.1" 200 2136 "https://www.example.com" "Mozilla/5.0 (Linux; Android 8.0.0; SM-A720F) AppleWebKit/537.36 (KHTML, like Gecko) Chrome/71.0.3578.99 Mobile Safari/537.36" "-" "fr"
5.216.172.90 - - [26/Jan/2023:20:28:48 +0330] "GET /image/877/brand HTTP/1.1" 200 3121 "https://www.example.com" "Mozilla/5.0 (Linux; Android 8.0.0; SM-A720F) AppleWebKit/537.36 (KHTML, like Gecko) Chrome/71.0.3578.99 Mobile Safari/537.36" "-" "fr"
5.216.172.90 - - [26/Jan/2023:20:28:48 +0330] "GET /image/893/brand HTTP/1.1" 200 3131 "https://www.example.com" "Mozilla/5.0 (Linux; Android 8.0.0; SM-A720F) AppleWebKit/537.36 (KHTML, like Gecko) Chrome/71.0.3578.99 Mobile Safari/537.36" "-" "fr"
5.216.172.90 - - [26/Jan/2023:20:28:48 +0330] "GET /image/886/brand HTTP/1.1" 200 3860 "https://www.example.com" "Mozilla/5.0 (Linux; Android 8.0.0; SM-A720F) AppleWebKit/537.36 (KHTML, like Gecko) Chrome/71.0.3578.99 Mobile Safari/537.36" "-" "fr"
5.216.172.90 - - [26/Jan/2023:20:28:48 +0330] "GET /image/8785/specialSale?role=mobile HTTP/1.1" 200 16433 "https://www.example.com" "Mozilla/5.0 (Linux; Android 8.0.0; SM-A720F) AppleWebKit/537.36 (KHTML, like Gecko) Chrome/71.0.3578.99 Mobile Safari/537.36" "-" "fr"
5.216.172.90 - - [26/Jan/2023:20:28:48 +0330] "GET /image/5/productTypeType HTTP/1.1" 200 11174 "https://www.example.com" "Mozilla/5.0 (Linux; Android 8.0.0; SM-A720F) AppleWebKit/537.36 (KHTML, like Gecko) Chrome/71.0.3578.99 Mobile Safari/537.36" "-" "fr"
5.216.172.90 - - [26/Jan/2023:20:28:48 +0330] "GET /image/10/productTypeType HTTP/1.1" 200 11404 "https://www.example.com" "Mozilla/5.0 (Linux; Android 8.0.0; SM-A720F) AppleWebKit/537.36 (KHTML, like Gecko) Chrome/71.0.3578.99 Mobile Safari/537.36" "-" "fr"
5.216.172.90 - - [26/Jan/2023:20:28:48 +0330] "GET /image/11/productTypeType HTTP/1.1" 200 11468 "https://www.example.com" "Mozilla/5.0 (Linux; Android 8.0.0; SM-A720F) AppleWebKit/537.36 (KHTML, like Gecko) Chrome/71.0.3578.99 Mobile Safari/537.36" "-" "fr"
5.216.172.90 - - [26/Jan/2023:20:28:48 +0330] "GET /image/978/mainSlideMobile HTTP/1.1" 200 66099 "https://www.example.com" "Mozilla/5.0 (Linux; Android 8.0.0; SM-A720F) AppleWebKit/537.36 (KHTML, like Gecko) Chrome/71.0.3578.99 Mobile Safari/537.36" "-" "fr"
86.55.30.2 - - [26/Jan/2023:20:28:48 +0330] "GET /m HTTP/1.1" 200 17325 "-" "Mozilla/5.0 (Linux; Android 5.1.1; SAMSUNG SM-J500H Build/LMY48B) AppleWebKit/537.36 (KHTML, like Gecko) SamsungBrowser/3.3 Chrome/38.0.2125.102 Mobile Safari/537.36" "-" "fr"
103.119.24.113 - - [26/Jan/2023:20:28:48 +0330] "GET /image/69/productTypeMenu HTTP/1.1" 200 11 "https://www.example.com" "Mozilla/5.0 (Windows NT 10.0; Win64; x64) AppleWebKit/537.36 (KHTML, like Gecko) Chrome/71.0.3578.98 Safari/537.36" "-" "fr"
103.119.24.113 - - [26/Jan/2023:20:28:48 +0330] "GET /image/53/productTypeMenu HTTP/1.1" 200 11 "https://www.example.com" "Mozilla/5.0 (Windows NT 10.0; Win64; x64) AppleWebKit/537.36 (KHTML, like Gecko) Chrome/71.0.3578.98 Safari/537.36" "-" "fr"
5.112.169.190 - - [26/Jan/2023:20:28:48 +0330] "GET /image/28801?name=ss-3100-112.jpg&wh=max HTTP/1.1" 200 25072 "https://www.example.com" "Mozilla/5.0 (Linux; Android 7.0; SAMSUNG SM-G610F Build/NRD90M) AppleWebKit/537.36 (KHTML, like Gecko) SamsungBrowser/6.2 Chrome/56.0.2924.87 Mobile Safari/537.36" "-" "fr"
5.216.172.90 - - [26/Jan/2023:20:28:48 +0330] "GET /image/62905/productModel/200x200 HTTP/1.1" 200 2959 "https://www.example.com" "Mozilla/5.0 (Linux; Android 8.0.0; SM-A720F) AppleWebKit/537.36 (KHTML, like Gecko) Chrome/71.0.3578.99 Mobile Safari/537.36" "-" "fr"
5.216.172.90 - - [26/Jan/2023:20:28:48 +0330] "GET /image/61786/productModel/200x200 HTTP/1.1" 200 2611 "https://www.example.com" "Mozilla/5.0 (Linux; Android 8.0.0; SM-A720F) AppleWebKit/537.36 (KHTML, like Gecko) Chrome/71.0.3578.99 Mobile Safari/537.36" "-" "fr"
151.242.106.253 - - [26/Jan/2023:20:28:49 +0330] "GET /settings/logo HTTP/1.1" 200 4120 "https://www.example.com" "Mozilla/5.0 (Linux; Android 7.0; P008) AppleWebKit/537.36 (KHTML, like Gecko) Chrome/71.0.3578.99 Safari/537.36" "-" "fr"
5.74.242.86 - - [26/Jan/2023:20:28:49 +0330] "GET /image/30177?name=rosso2-44.jpg&wh=300x300 HTTP/1.1" 200 6063 "https://www.example.com" "Mozilla/5.0 (Linux; Android 7.0; SAMSUNG SM-J530F Build/NRD90M) AppleWebKit/537.36 (KHTML, like Gecko) SamsungBrowser/5.2 Chrome/51.0.2704.106 Mobile Safari/537.36" "-" "fr"
151.242.106.253 - - [26/Jan/2023:20:28:49 +0330] "GET /image/57603/productModel/200x200 HTTP/1.1" 200 3306 "https://www.example.com" "Mozilla/5.0 (Linux; Android 7.0; P008) AppleWebKit/537.36 (KHTML, like Gecko) Chrome/71.0.3578.99 Safari/537.36" "-" "fr"
151.242.106.253 - - [26/Jan/2023:20:28:49 +0330] "GET /image/64528/productModel/200x200 HTTP/1.1" 200 3074 "https://www.example.com" "Mozilla/5.0 (Linux; Android 7.0; P008) AppleWebKit/537.36 (KHTML, like Gecko) Chrome/71.0.3578.99 Safari/537.36" "-" "fr"
151.242.106.253 - - [26/Jan/2023:20:28:49 +0330] "GET /image/60747/productModel/200x200 HTTP/1.1" 200 3648 "https://www.example.com" "Mozilla/5.0 (Linux; Android 7.0; P008) AppleWebKit/537.36 (KHTML, like Gecko) Chrome/71.0.3578.99 Safari/537.36" "-" "fr"
151.242.106.253 - - [26/Jan/2023:20:28:49 +0330] "GET /image/59833/productModel/200x200 HTTP/1.1" 200 3702 "https://www.example.com" "Mozilla/5.0 (Linux; Android 7.0; P008) AppleWebKit/537.36 (KHTML, like Gecko) Chrome/71.0.3578.99 Safari/537.36" "-" "fr"
151.242.106.253 - - [26/Jan/2023:20:28:49 +0330] "GET /image/61963/productModel/200x200 HTTP/1.1" 200 3013 "https://www.example.com" "Mozilla/5.0 (Linux; Android 7.0; P008) AppleWebKit/537.36 (KHTML, like Gecko) Chrome/71.0.3578.99 Safari/537.36" "-" "fr"
151.242.106.253 - - [26/Jan/2023:20:28:49 +0330] "GET /image/56271/productModel/200x200 HTTP/1.1" 200 4951 "https://www.example.com" "Mozilla/5.0 (Linux; Android 7.0; P008) AppleWebKit/537.36 (KHTML, like Gecko) Chrome/71.0.3578.99 Safari/537.36" "-" "fr"
5.208.194.43 - - [26/Jan/2023:20:28:49 +0330] "GET /m/product/34379/65388/%DB%8C%D8%AE%DA%86%D8%A7%D9%84-%D9%81%D8%B1%DB%8C%D8%B2%D8%B1-%D8%B3%D8%A7%DB%8C%D8%AF-%D8%A8%D8%A7%DB%8C-%D8%B3%D8%A7%DB%8C%D8%AF-%D8%A7%D8%B3%D9%86%D9%88%D8%A7-%D9%85%D8%AF%D9%84-Gallery-S8-3350SS HTTP/1.1" 200 20431 "https://www.example.com" "Mozilla/5.0 (Linux; Android 6.0.1; SAMSUNG SM-G532F Build/MMB29T) AppleWebKit/537.36 (KHTML, like Gecko) SamsungBrowser/8.2 Chrome/63.0.3239.111 Mobile Safari/537.36" "-" "mi-NZ"
80.250.193.6 - - [26/Jan/2023:20:28:49 +0330] "GET /favicon.ico HTTP/1.1" 200 0 "-" "Mozilla/5.0 (Android 8.0.0; Mobile; rv:49.0.2) Gecko/49.0.2 Firefox/49.0.2" "-" "en"
5.125.216.51 - - [26/Jan/2023:20:28:49 +0330] "GET /image/10/productTypeType HTTP/1.1" 200 11404 "https://www.example.com" "Mozilla/5.0 (Android 5.1.1; Mobile; rv:64.0) Gecko/64.0 Firefox/64.0" "-" "en"
80.250.193.6 - - [26/Jan/2023:20:28:49 +0330] "GET /favicon.ico HTTP/1.1" 200 0 "-" "Mozilla/5.0 (Android 8.0.0; Mobile; rv:49.0.2) Gecko/49.0.2 Firefox/49.0.2" "-" "en"
5.125.216.51 - - [26/Jan/2023:20:28:49 +0330] "GET /image/65360/productModel/200x200 HTTP/1.1" 200 6186 "https://www.example.com" "Mozilla/5.0 (Android 5.1.1; Mobile; rv:64.0) Gecko/64.0 Firefox/64.0" "-" "en"
5.125.216.51 - - [26/Jan/2023:20:28:49 +0330] "GET /image/56252/productModel/200x200 HTTP/1.1" 200 3535 "https://www.example.com" "Mozilla/5.0 (Android 5.1.1; Mobile; rv:64.0) Gecko/64.0 Firefox/64.0" "-" "en"
151.242.106.253 - - [26/Jan/2023:20:28:49 +0330] "GET /image/99/brand HTTP/1.1" 200 2136 "https://www.example.com" "Mozilla/5.0 (Linux; Android 7.0; P008) AppleWebKit/537.36 (KHTML, like Gecko) Chrome/71.0.3578.99 Safari/537.36" "-" "fr"
151.242.106.253 - - [26/Jan/2023:20:28:49 +0330] "GET /image/877/brand HTTP/1.1" 200 3121 "https://www.example.com" "Mozilla/5.0 (Linux; Android 7.0; P008) AppleWebKit/537.36 (KHTML, like Gecko) Chrome/71.0.3578.99 Safari/537.36" "-" "mi-NZ"
5.216.172.90 - - [26/Jan/2023:20:28:49 +0330] "GET /image/14/productTypeType HTTP/1.1" 200 11129 "https://www.example.com" "Mozilla/5.0 (Linux; Android 8.0.0; SM-A720F) AppleWebKit/537.36 (KHTML, like Gecko) Chrome/71.0.3578.99 Mobile Safari/537.36" "-" "fr"
5.216.172.90 - - [26/Jan/2023:20:28:49 +0330] "GET /image/126/brand HTTP/1.1" 200 2436 "https://www.example.com" "Mozilla/5.0 (Linux; Android 8.0.0; SM-A720F) AppleWebKit/537.36 (KHTML, like Gecko) Chrome/71.0.3578.99 Mobile Safari/537.36" "-" "fr"
5.216.172.90 - - [26/Jan/2023:20:28:49 +0330] "GET /image/13/productTypeType HTTP/1.1" 200 11336 "https://www.example.com" "Mozilla/5.0 (Linux; Android 8.0.0; SM-A720F) AppleWebKit/537.36 (KHTML, like Gecko) Chrome/71.0.3578.99 Mobile Safari/537.36" "-" "fr"
5.216.172.90 - - [26/Jan/2023:20:28:49 +0330] "GET /image/879/brand HTTP/1.1" 200 3348 "https://www.example.com" "Mozilla/5.0 (Linux; Android 8.0.0; SM-A720F) AppleWebKit/537.36 (KHTML, like Gecko) Chrome/71.0.3578.99 Mobile Safari/537.36" "-" "ms"
5.216.172.90 - - [26/Jan/2023:20:28:49 +0330] "GET /image/20/brand HTTP/1.1" 200 1958 "https://www.example.com" "Mozilla/5.0 (Linux; Android 8.0.0; SM-A720F) AppleWebKit/537.36 (KHTML, like Gecko) Chrome/71.0.3578.99 Mobile Safari/537.36" "-" "ms"
5.112.169.190 - - [26/Jan/2023:20:28:49 +0330] "GET /image/28801?name=ss-3100tw_113.jpg&wh=max HTTP/1.1" 200 52508 "https://www.example.com" "Mozilla/5.0 (Linux; Android 7.0; SAMSUNG SM-G610F Build/NRD90M) AppleWebKit/537.36 (KHTML, like Gecko) SamsungBrowser/6.2 Chrome/56.0.2924.87 Mobile Safari/537.36" "-" "fr"
151.242.106.253 - - [26/Jan/2023:20:28:49 +0330] "GET /image/8785/specialSale?role=mobile HTTP/1.1" 200 16433 "https://www.example.com" "Mozilla/5.0 (Linux; Android 7.0; P008) AppleWebKit/537.36 (KHTML, like Gecko) Chrome/71.0.3578.99 Safari/537.36" "-" "fr"
151.242.106.253 - - [26/Jan/2023:20:28:49 +0330] "GET /image/893/brand HTTP/1.1" 200 3131 "https://www.example.com" "Mozilla/5.0 (Linux; Android 7.0; P008) AppleWebKit/537.36 (KHTML, like Gecko) Chrome/71.0.3578.99 Safari/537.36" "-" "fr"
5.125.216.51 - - [26/Jan/2023:20:28:49 +0330] "GET /image/63780/productModel/200x200 HTTP/1.1" 200 2889 "https://www.example.com" "Mozilla/5.0 (Android 5.1.1; Mobile; rv:64.0) Gecko/64.0 Firefox/64.0" "-" "en"
89.199.147.221 - - [26/Jan/2023:20:28:49 +0330] "GET /image/1745/productModel/200x200 HTTP/1.1" 200 5329 "https://www.example.com" "Mozilla/5.0 (iPhone; CPU iPhone OS 11_3 like Mac OS X) AppleWebKit/605.1.15 (KHTML, like Gecko) Version/11.0 Mobile/15E148 Safari/604.1" "-" "ko"
151.242.106.253 - - [26/Jan/2023:20:28:49 +0330] "GET /image/886/brand HTTP/1.1" 200 3860 "https://www.example.com" "Mozilla/5.0 (Linux; Android 7.0; P008) AppleWebKit/537.36 (KHTML, like Gecko) Chrome/71.0.3578.99 Safari/537.36" "-" "fr"
91.99.55.165 - - [26/Jan/2023:20:28:49 +0330] "GET /image/56877/productModel/200x200 HTTP/1.1" 200 4785 "https://www.example.com" "Mozilla/5.0 (Linux; Android 8.0.0; SM-G930F) AppleWebKit/537.36 (KHTML, like Gecko) Chrome/71.0.3578.99 Mobile Safari/537.36" "-" "fr"
151.242.106.253 - - [26/Jan/2023:20:28:49 +0330] "GET /image/20/brand HTTP/1.1" 200 1958 "https://www.example.com" "Mozilla/5.0 (Linux; Android 7.0; P008) AppleWebKit/537.36 (KHTML, like Gecko) Chrome/71.0.3578.99 Safari/537.36" "-" "fr"
91.99.55.165 - - [26/Jan/2023:20:28:49 +0330] "GET /image/56875/productModel/200x200 HTTP/1.1" 200 3477 "https://www.example.com" "Mozilla/5.0 (Linux; Android 8.0.0; SM-G930F) AppleWebKit/537.36 (KHTML, like Gecko) Chrome/71.0.3578.99 Mobile Safari/537.36" "-" "fr"
89.199.147.221 - - [26/Jan/2023:20:28:49 +0330] "GET /image/3855/productModel/200x200 HTTP/1.1" 200 3837 "https://www.example.com" "Mozilla/5.0 (iPhone; CPU iPhone OS 11_3 like Mac OS X) AppleWebKit/605.1.15 (KHTML, like Gecko) Version/11.0 Mobile/15E148 Safari/604.1" "-" "ko"
51.15.224.252 - - [26/Jan/2023:20:28:49 +0330] "GET /settings/logo HTTP/1.1" 200 4120 "https://www.example.com" "Mozilla/5.0 (Linux; Android 6.0.1; SM-G532F) AppleWebKit/537.36 (KHTML, like Gecko) Chrome/71.0.3578.99 Mobile Safari/537.36" "-" "fr"
103.119.24.113 - - [26/Jan/2023:20:28:49 +0330] "GET /image/6446/productTypeMenu HTTP/1.1" 200 11 "https://www.example.com" "Mozilla/5.0 (Windows NT 10.0; Win64; x64) AppleWebKit/537.36 (KHTML, like Gecko) Chrome/71.0.3578.98 Safari/537.36" "-" "fr"
103.119.24.113 - - [26/Jan/2023:20:28:49 +0330] "GET /image/5665/productTypeMenu HTTP/1.1" 200 11 "https://www.example.com" "Mozilla/5.0 (Windows NT 10.0; Win64; x64) AppleWebKit/537.36 (KHTML, like Gecko) Chrome/71.0.3578.98 Safari/537.36" "-" "fr"
103.119.24.113 - - [26/Jan/2023:20:28:49 +0330] "GET /image/16788/productTypeMenu HTTP/1.1" 200 11 "https://www.example.com" "Mozilla/5.0 (Windows NT 10.0; Win64; x64) AppleWebKit/537.36 (KHTML, like Gecko) Chrome/71.0.3578.98 Safari/537.36" "-" "fr"
151.242.106.253 - - [26/Jan/2023:20:28:49 +0330] "GET /image/5/productTypeType HTTP/1.1" 200 11174 "https://www.example.com" "Mozilla/5.0 (Linux; Android 7.0; P008) AppleWebKit/537.36 (KHTML, like Gecko) Chrome/71.0.3578.99 Safari/537.36" "-" "fr"
80.250.193.6 - - [26/Jan/2023:20:28:49 +0330] "GET /image/900/brand HTTP/1.1" 200 4424 "https://www.example.com" "Mozilla/5.0 (Android 8.0.0; Mobile; rv:49.0) Gecko/49.0 Firefox/49.0" "-" "en"
80.250.193.6 - - [26/Jan/2023:20:28:49 +0330] "GET /image/41/brand HTTP/1.1" 200 2946 "https://www.example.com" "Mozilla/5.0 (Android 8.0.0; Mobile; rv:49.0) Gecko/49.0 Firefox/49.0" "-" "en"
80.250.193.6 - - [26/Jan/2023:20:28:49 +0330] "GET /image/126/brand HTTP/1.1" 200 2436 "https://www.example.com" "Mozilla/5.0 (Android 8.0.0; Mobile; rv:49.0) Gecko/49.0 Firefox/49.0" "-" "en"
80.250.193.6 - - [26/Jan/2023:20:28:49 +0330] "GET /image/6/productTypeType HTTP/1.1" 200 10900 "https://www.example.com" "Mozilla/5.0 (Android 8.0.0; Mobile; rv:49.0) Gecko/49.0 Firefox/49.0" "-" "en"
5.214.100.160 - - [26/Jan/2023:20:28:49 +0330] "GET /image/34296?name=lenovo-ideapad-520s-i7-1.jpg&wh=200x200 HTTP/1.1" 200 7064 "-" "Dalvik/1.6.0 (Linux; U; Android 4.3; GT-I9300 Build/JSS15J)" "-" "en"
89.199.147.221 - - [26/Jan/2023:20:28:49 +0330] "GET /image/3853/productModel/200x200 HTTP/1.1" 200 6894 "https://www.example.com" "Mozilla/5.0 (iPhone; CPU iPhone OS 11_3 like Mac OS X) AppleWebKit/605.1.15 (KHTML, like Gecko) Version/11.0 Mobile/15E148 Safari/604.1" "-" "ko"
151.242.106.253 - - [26/Jan/2023:20:28:49 +0330] "GET /image/978/mainSlideMobile HTTP/1.1" 200 66099 "https://www.example.com" "Mozilla/5.0 (Linux; Android 7.0; P008) AppleWebKit/537.36 (KHTML, like Gecko) Chrome/71.0.3578.99 Safari/537.36" "-" "fr"
89.199.147.221 - - [26/Jan/2023:20:28:49 +0330] "GET /image/3852/productModel/200x200 HTTP/1.1" 200 5442 "https://www.example.com" "Mozilla/5.0 (iPhone; CPU iPhone OS 11_3 like Mac OS X) AppleWebKit/605.1.15 (KHTML, like Gecko) Version/11.0 Mobile/15E148 Safari/604.1" "-" "ko"
151.242.106.253 - - [26/Jan/2023:20:28:49 +0330] "GET /image/10/productTypeType HTTP/1.1" 200 11404 "https://www.example.com" "Mozilla/5.0 (Linux; Android 7.0; P008) AppleWebKit/537.36 (KHTML, like Gecko) Chrome/71.0.3578.99 Safari/537.36" "-" "fr"
5.117.13.10 - - [26/Jan/2023:20:28:49 +0330] "GET /amp-helper-frame.html?appId=a624a1c1-0c93-466a-a546-e146710f97e6&parentOrigin=https://www-zanbil-ir.cdn.ampproject.org HTTP/1.1" 200 133 "https://www.example.com" "Mozilla/5.0 (Linux; Android 7.0; SM-J701F Build/NRD90M) AppleWebKit/537.36 (KHTML, like Gecko) Chrome/62.0.3202.84 Mobile Safari/537.36" "-" "fr"
103.119.24.113 - - [26/Jan/2023:20:28:49 +0330] "GET /article/1008/-%D8%A2%D8%B4%D9%86%D8%A7%DB%8C%DB%8C-%D8%A8%D8%A7-%D8%A7%D9%86%D9%88%D8%A7%D8%B9-%D9%87%D8%AF%D9%81%D9%88%D9%86 HTTP/1.1" 200 30451 "https://www.example.com" "Mozilla/5.0 (Windows NT 10.0; Win64; x64) AppleWebKit/537.36 (KHTML, like Gecko) Chrome/71.0.3578.98 Safari/537.36" "-" "fr"
151.242.106.253 - - [26/Jan/2023:20:28:49 +0330] "GET /image/11/productTypeType HTTP/1.1" 200 11468 "https://www.example.com" "Mozilla/5.0 (Linux; Android 7.0; P008) AppleWebKit/537.36 (KHTML, like Gecko) Chrome/71.0.3578.99 Safari/537.36" "-" "fr"
151.242.106.253 - - [26/Jan/2023:20:28:49 +0330] "GET /image/14/productTypeType HTTP/1.1" 200 11129 "https://www.example.com" "Mozilla/5.0 (Linux; Android 7.0; P008) AppleWebKit/537.36 (KHTML, like Gecko) Chrome/71.0.3578.99 Safari/537.36" "-" "fr"
151.242.106.253 - - [26/Jan/2023:20:28:49 +0330] "GET /image/13/productTypeType HTTP/1.1" 200 11336 "https://www.example.com" "Mozilla/5.0 (Linux; Android 7.0; P008) AppleWebKit/537.36 (KHTML, like Gecko) Chrome/71.0.3578.99 Safari/537.36" "-" "fr"
91.99.55.165 - - [26/Jan/2023:20:28:49 +0330] "GET /image/56802/productModel/200x200 HTTP/1.1" 200 3029 "https://www.example.com" "Mozilla/5.0 (Linux; Android 8.0.0; SM-G930F) AppleWebKit/537.36 (KHTML, like Gecko) Chrome/71.0.3578.99 Mobile Safari/537.36" "-" "fr"
5.122.21.137 - - [26/Jan/2023:20:28:49 +0330] "GET /image/19/productType/120x90 HTTP/1.1" 200 11787 "https://www.example.com" "Mozilla/5.0 (Linux; Android 7.0; SM-A310F Build/NRD90M) AppleWebKit/537.36 (KHTML, like Gecko) Chrome/62.0.3202.84 Mobile Safari/537.36" "-" "fr"
91.99.55.165 - - [26/Jan/2023:20:28:49 +0330] "GET /image/56879/productModel/200x200 HTTP/1.1" 200 6085 "https://www.example.com" "Mozilla/5.0 (Linux; Android 8.0.0; SM-G930F) AppleWebKit/537.36 (KHTML, like Gecko) Chrome/71.0.3578.99 Mobile Safari/537.36" "-" "fr"
89.34.145.228 - - [26/Jan/2023:20:28:49 +0330] "GET /m/search/%D8%B3%D8%A7%D9%85%D8%B3%D9%88%D9%86%DA%AF%E2%80%8C%D8%AC%DB%8C-6- HTTP/1.1" 200 17052 "https://www.example.com" "Mozilla/5.0 (Linux; Android 8.1.0; TA-1021) AppleWebKit/537.36 (KHTML, like Gecko) Chrome/71.0.3578.99 Mobile Safari/537.36" "-" "fr"
5.117.0.221 - - [26/Jan/2023:20:28:49 +0330] "GET /browse/microwave-oven HTTP/1.1" 302 0 "https://www.example.com" "Mozilla/5.0 (Linux; Android 6.0; Lenovo TB3-850M) AppleWebKit/537.36 (KHTML, like Gecko) Chrome/71.0.3578.99 Safari/537.36" "-" "fr"
83.120.164.198 - - [26/Jan/2023:20:28:49 +0330] "GET /static/images/amp/third-party/footer-mobile.png HTTP/1.1" 200 62894 "https://www.example.com" "Mozilla/5.0 (Linux; Android 7.0; SM-N920C) AppleWebKit/537.36 (KHTML, like Gecko) Chrome/71.0.3578.99 Mobile Safari/537.36" "-" "fr"
5.122.21.137 - - [26/Jan/2023:20:28:49 +0330] "GET /image/24/productType/120x90 HTTP/1.1" 200 8174 "https://www.example.com" "Mozilla/5.0 (Linux; Android 7.0; SM-A310F Build/NRD90M) AppleWebKit/537.36 (KHTML, like Gecko) Chrome/62.0.3202.84 Mobile Safari/537.36" "-" "fr"
151.242.106.253 - - [26/Jan/2023:20:28:49 +0330] "GET /image/35/brand HTTP/1.1" 200 2264 "https://www.example.com" "Mozilla/5.0 (Linux; Android 7.0; P008) AppleWebKit/537.36 (KHTML, like Gecko) Chrome/71.0.3578.99 Safari/537.36" "-" "fr"
151.242.106.253 - - [26/Jan/2023:20:28:49 +0330] "GET /image/888/brand HTTP/1.1" 200 3150 "https://www.example.com" "Mozilla/5.0 (Linux; Android 7.0; P008) AppleWebKit/537.36 (KHTML, like Gecko) Chrome/71.0.3578.99 Safari/537.36" "-" "fr"
151.242.106.253 - - [26/Jan/2023:20:28:49 +0330] "GET /image/213/brand HTTP/1.1" 200 2328 "https://www.example.com" "Mozilla/5.0 (Linux; Android 7.0; P008) AppleWebKit/537.36 (KHTML, like Gecko) Chrome/71.0.3578.99 Safari/537.36" "-" "fr"
151.242.106.253 - - [26/Jan/2023:20:28:49 +0330] "GET /image/151/brand HTTP/1.1" 200 2572 "https://www.example.com" "Mozilla/5.0 (Linux; Android 7.0; P008) AppleWebKit/537.36 (KHTML, like Gecko) Chrome/71.0.3578.99 Safari/537.36" "-" "fr"
151.242.106.253 - - [26/Jan/2023:20:28:49 +0330] "GET /image/463/productTypeType HTTP/1.1" 200 11599 "https://www.example.com" "Mozilla/5.0 (Linux; Android 7.0; P008) AppleWebKit/537.36 (KHTML, like Gecko) Chrome/71.0.3578.99 Safari/537.36" "-" "zh"
151.242.106.253 - - [26/Jan/2023:20:28:50 +0330] "GET /image/19/productTypeType HTTP/1.1" 200 11332 "https://www.example.com" "Mozilla/5.0 (Linux; Android 7.0; P008) AppleWebKit/537.36 (KHTML, like Gecko) Chrome/71.0.3578.99 Safari/537.36" "-" "zh"
151.242.106.253 - - [26/Jan/2023:20:28:50 +0330] "GET /image/12/productTypeType HTTP/1.1" 200 11336 "https://www.example.com" "Mozilla/5.0 (Linux; Android 7.0; P008) AppleWebKit/537.36 (KHTML, like Gecko) Chrome/71.0.3578.99 Safari/537.36" "-" "zh"
103.119.24.113 - - [26/Jan/2023:20:28:50 +0330] "GET /image/16827/productTypeMenu HTTP/1.1" 200 11 "https://www.example.com" "Mozilla/5.0 (Windows NT 10.0; Win64; x64) AppleWebKit/537.36 (KHTML, like Gecko) Chrome/71.0.3578.98 Safari/537.36" "-" "fr"
151.242.106.253 - - [26/Jan/2023:20:28:50 +0330] "GET /image/72/productTypeType HTTP/1.1" 200 3300 "https://www.example.com" "Mozilla/5.0 (Linux; Android 7.0; P008) AppleWebKit/537.36 (KHTML, like Gecko) Chrome/71.0.3578.99 Safari/537.36" "-" "fr"
103.119.24.113 - - [26/Jan/2023:20:28:50 +0330] "GET /image/14464/productTypeMenu HTTP/1.1" 200 11 "https://www.example.com" "Mozilla/5.0 (Windows NT 10.0; Win64; x64) AppleWebKit/537.36 (KHTML, like Gecko) Chrome/71.0.3578.98 Safari/537.36" "-" "zh"
5.113.157.15 - - [26/Jan/2023:20:28:50 +0330] "GET /site/enamad HTTP/1.1" 200 278 "https://www.example.com" "Mozilla/5.0 (Windows NT 6.1; Win64; x64) AppleWebKit/537.36 (KHTML, like Gecko) Chrome/71.0.3578.98 Safari/537.36" "-" "fr"
5.113.157.15 - - [26/Jan/2023:20:28:50 +0330] "GET /site/alexaGooleAnalitic HTTP/1.1" 200 323 "https://www.example.com" "Mozilla/5.0 (Windows NT 6.1; Win64; x64) AppleWebKit/537.36 (KHTML, like Gecko) Chrome/71.0.3578.98 Safari/537.36" "-" "fr"
5.120.63.25 - - [26/Jan/2023:20:28:50 +0330] "GET /static/css/font/wyekan/font.woff HTTP/1.1" 200 28536 "https://www.example.com" "Mozilla/5.0 (Linux; Android 4.3; C5303 Build/12.1.A.1.205) AppleWebKit/537.36 (KHTML, like Gecko) Chrome/28.0.1500.94 Mobile Safari/537.36" "-" "fr"
103.119.24.113 - - [26/Jan/2023:20:28:50 +0330] "GET /image/13009/productTypeMenu HTTP/1.1" 200 11 "https://www.example.com" "Mozilla/5.0 (Windows NT 10.0; Win64; x64) AppleWebKit/537.36 (KHTML, like Gecko) Chrome/71.0.3578.98 Safari/537.36" "-" "fr"
86.55.30.2 - - [26/Jan/2023:20:28:50 +0330] "GET /settings/logo HTTP/1.1" 200 4120 "https://www.example.com" "Mozilla/5.0 (Linux; Android 5.1.1; SAMSUNG SM-J500H Build/LMY48B) AppleWebKit/537.36 (KHTML, like Gecko) SamsungBrowser/3.3 Chrome/38.0.2125.102 Mobile Safari/537.36" "-" "fr"
